Archive member included to satisfy reference by file (symbol)

.\CortexM0\ARM_GCC_541\Debug\cy8ckit-043-slider.a(EZI2C.o)
                              .\CortexM0\ARM_GCC_541\Debug\main.o (EZI2C_Start)
.\CortexM0\ARM_GCC_541\Debug\cy8ckit-043-slider.a(EZI2C_EZI2C.o)
                              .\CortexM0\ARM_GCC_541\Debug\cy8ckit-043-slider.a(EZI2C.o) (EZI2C_EzI2CInit)
.\CortexM0\ARM_GCC_541\Debug\cy8ckit-043-slider.a(EZI2C_EZI2C_INT.o)
                              .\CortexM0\ARM_GCC_541\Debug\cy8ckit-043-slider.a(EZI2C_EZI2C.o) (EZI2C_EZI2C_STRETCH_ISR)
.\CortexM0\ARM_GCC_541\Debug\cy8ckit-043-slider.a(CapSense_Control.o)
                              .\CortexM0\ARM_GCC_541\Debug\main.o (CapSense_Start)
.\CortexM0\ARM_GCC_541\Debug\cy8ckit-043-slider.a(CapSense_Processing.o)
                              .\CortexM0\ARM_GCC_541\Debug\cy8ckit-043-slider.a(CapSense_Control.o) (CapSense_DpInitialize)
.\CortexM0\ARM_GCC_541\Debug\cy8ckit-043-slider.a(CapSense_Structure.o)
                              .\CortexM0\ARM_GCC_541\Debug\cy8ckit-043-slider.a(CapSense_Control.o) (CapSense_DsInitialize)
.\CortexM0\ARM_GCC_541\Debug\cy8ckit-043-slider.a(CapSense_Tuner.o)
                              .\CortexM0\ARM_GCC_541\Debug\cy8ckit-043-slider.a(CapSense_Control.o) (CapSense_TuInitialize)
.\CortexM0\ARM_GCC_541\Debug\cy8ckit-043-slider.a(CapSense_Filter.o)
                              .\CortexM0\ARM_GCC_541\Debug\main.o (CapSense_InitializeAllBaselines)
.\CortexM0\ARM_GCC_541\Debug\cy8ckit-043-slider.a(CapSense_Sensing.o)
                              .\CortexM0\ARM_GCC_541\Debug\main.o (CapSense_IsBusy)
.\CortexM0\ARM_GCC_541\Debug\cy8ckit-043-slider.a(CapSense_SensingCSD_LL.o)
                              .\CortexM0\ARM_GCC_541\Debug\cy8ckit-043-slider.a(CapSense_Sensing.o) (CapSense_SsCSDInitialize)
.\CortexM0\ARM_GCC_541\Debug\cy8ckit-043-slider.a(CapSense_ISR.o)
                              .\CortexM0\ARM_GCC_541\Debug\cy8ckit-043-slider.a(CapSense_Sensing.o) (CapSense_ISR_StartEx)
.\CortexM0\ARM_GCC_541\Debug\cy8ckit-043-slider.a(CyLib.o)
                              .\CortexM0\ARM_GCC_541\Debug\cyfitter_cfg.o (CyIntEnable)
.\CortexM0\ARM_GCC_541\Debug\cy8ckit-043-slider.a(CyLFClk.o)
                              .\CortexM0\ARM_GCC_541\Debug\cy8ckit-043-slider.a(CyLib.o) (CySysClkWcoEnabled)
.\CortexM0\ARM_GCC_541\Debug\cy8ckit-043-slider.a(CyBootAsmGnu.o)
                              .\CortexM0\ARM_GCC_541\Debug\cy8ckit-043-slider.a(CapSense_SensingCSD_LL.o) (CyDelayCycles)
.\CortexM0\ARM_GCC_541\Debug\cy8ckit-043-slider.a(CapSense_INT.o)
                              .\CortexM0\ARM_GCC_541\Debug\cy8ckit-043-slider.a(CapSense_SensingCSD_LL.o) (CapSense_CSDPostSingleScan)
.\CortexM0\ARM_GCC_541\Debug\cy8ckit-043-slider.a(CyFlash.o)
                              .\CortexM0\ARM_GCC_541\Debug\cy8ckit-043-slider.a(CyLib.o) (CySysFlashSetWaitCycles)
C:\Program Files (x86)\Cypress\PSoC Creator\4.3\PSoC Creator\psoc\content\CyComponentLibrary\CyComponentLibrary.cylib\CapSense_P4_v7_0\PSoC4\Library\Capsense_P4Library_GCC.a(CapSense_SmartSense_LL.o)
                              .\CortexM0\ARM_GCC_541\Debug\cy8ckit-043-slider.a(CapSense_Sensing.o) (SmartSense_TunePrescalers)
C:\Program Files (x86)\Cypress\PSoC Creator\4.3\PSoC Creator\psoc\content\CyComponentLibrary\CyComponentLibrary.cylib\CapSense_P4_v7_0\PSoC4\Library\Capsense_P4Library_GCC.a(CapSense_SmartSense_SL.o)
                              .\CortexM0\ARM_GCC_541\Debug\cy8ckit-043-slider.a(CapSense_Processing.o) (SmartSense_UpdateThresholds)
c:/program files (x86)/cypress/psoc creator/4.3/psoc creator/import/gnu/arm/5.4.1/bin/../lib/gcc/arm-none-eabi/5.4.1/armv6-m\libgcc.a(_udivsi3.o)
                              .\CortexM0\ARM_GCC_541\Debug\cy8ckit-043-slider.a(CapSense_Sensing.o) (__aeabi_uidiv)
c:/program files (x86)/cypress/psoc creator/4.3/psoc creator/import/gnu/arm/5.4.1/bin/../lib/gcc/arm-none-eabi/5.4.1/armv6-m\libgcc.a(_divsi3.o)
                              .\CortexM0\ARM_GCC_541\Debug\cy8ckit-043-slider.a(CyLFClk.o) (__aeabi_idiv)
c:/program files (x86)/cypress/psoc creator/4.3/psoc creator/import/gnu/arm/5.4.1/bin/../lib/gcc/arm-none-eabi/5.4.1/armv6-m\libgcc.a(_dvmd_tls.o)
                              c:/program files (x86)/cypress/psoc creator/4.3/psoc creator/import/gnu/arm/5.4.1/bin/../lib/gcc/arm-none-eabi/5.4.1/armv6-m\libgcc.a(_udivsi3.o) (__aeabi_idiv0)
c:/program files (x86)/cypress/psoc creator/4.3/psoc creator/import/gnu/arm/5.4.1/bin/../lib/gcc/arm-none-eabi/5.4.1/../../../../arm-none-eabi/lib/armv6-m\libg_nano.a(lib_a-errno.o)
                              .\CortexM0\ARM_GCC_541\Debug\Cm0Start.o (__errno)
c:/program files (x86)/cypress/psoc creator/4.3/psoc creator/import/gnu/arm/5.4.1/bin/../lib/gcc/arm-none-eabi/5.4.1/../../../../arm-none-eabi/lib/armv6-m\libg_nano.a(lib_a-exit.o)
[...]
Memory Configuration

Name             Origin             Length             Attributes
rom              0x00000000         0x00020000         xr
ram              0x20000000         0x00004000         xrw
*default*        0x00000000         0xffffffff

Linker script and memory map

LOAD c:/program files (x86)/cypress/psoc creator/4.3/psoc creator/import/gnu/arm/5.4.1/bin/../lib/gcc/arm-none-eabi/5.4.1/armv6-m/crti.o
LOAD c:/program files (x86)/cypress/psoc creator/4.3/psoc creator/import/gnu/arm/5.4.1/bin/../lib/gcc/arm-none-eabi/5.4.1/armv6-m/crtbegin.o
LOAD c:/program files (x86)/cypress/psoc creator/4.3/psoc creator/import/gnu/arm/5.4.1/bin/../lib/gcc/arm-none-eabi/5.4.1/../../../../arm-none-eabi/lib/armv6-m/crt0.o
START GROUP
LOAD .\CortexM0\ARM_GCC_541\Debug\main.o
LOAD .\CortexM0\ARM_GCC_541\Debug\cyfitter_cfg.o
LOAD .\CortexM0\ARM_GCC_541\Debug\cymetadata.o
LOAD .\CortexM0\ARM_GCC_541\Debug\Cm0Start.o
LOAD .\CortexM0\ARM_GCC_541\Debug\cy8ckit-043-slider.a
LOAD C:\Program Files (x86)\Cypress\PSoC Creator\4.3\PSoC Creator\psoc\content\CyComponentLibrary\CyComponentLibrary.cylib\CapSense_P4_v7_0\PSoC4\Library\Capsense_P4Library_GCC.a
END GROUP
START GROUP
LOAD c:/program files (x86)/cypress/psoc creator/4.3/psoc creator/import/gnu/arm/5.4.1/bin/../lib/gcc/arm-none-eabi/5.4.1/armv6-m\libgcc.a
LOAD c:/program files (x86)/cypress/psoc creator/4.3/psoc creator/import/gnu/arm/5.4.1/bin/../lib/gcc/arm-none-eabi/5.4.1/../../../../arm-none-eabi/lib/armv6-m\libg_nano.a
LOAD c:/program files (x86)/cypress/psoc creator/4.3/psoc creator/import/gnu/arm/5.4.1/bin/../lib/gcc/arm-none-eabi/5.4.1/../../../../arm-none-eabi/lib/armv6-m\libc_nano.a
END GROUP
START GROUP
LOAD c:/program files (x86)/cypress/psoc creator/4.3/psoc creator/import/gnu/arm/5.4.1/bin/../lib/gcc/arm-none-eabi/5.4.1/armv6-m\libgcc.a
LOAD c:/program files (x86)/cypress/psoc creator/4.3/psoc creator/import/gnu/arm/5.4.1/bin/../lib/gcc/arm-none-eabi/5.4.1/../../../../arm-none-eabi/lib/armv6-m\libc_nano.a
END GROUP
LOAD c:/program files (x86)/cypress/psoc creator/4.3/psoc creator/import/gnu/arm/5.4.1/bin/../lib/gcc/arm-none-eabi/5.4.1/armv6-m/crtend.o
LOAD c:/program files (x86)/cypress/psoc creator/4.3/psoc creator/import/gnu/arm/5.4.1/bin/../lib/gcc/arm-none-eabi/5.4.1/armv6-m/crtn.o
START GROUP
LOAD c:/program files (x86)/cypress/psoc creator/4.3/psoc creator/import/gnu/arm/5.4.1/bin/../lib/gcc/arm-none-eabi/5.4.1/armv6-m\libgcc.a
LOAD c:/program files (x86)/cypress/psoc creator/4.3/psoc creator/import/gnu/arm/5.4.1/bin/../lib/gcc/arm-none-eabi/5.4.1/../../../../arm-none-eabi/lib/armv6-m\libc.a
LOAD c:/program files (x86)/cypress/psoc creator/4.3/psoc creator/import/gnu/arm/5.4.1/bin/../lib/gcc/arm-none-eabi/5.4.1/../../../../arm-none-eabi/lib/armv6-m\libnosys.a
END GROUP
                0x00000000                CY_APPL_ORIGIN = 0x0
                0x00000080                CY_FLASH_ROW_SIZE = 0x80
                0x00000001                CY_APPL_NUM = 0x1
                0x00000001                CY_APPL_MAX = 0x1
                0x00000040                CY_METADATA_SIZE = 0x40
                0x00000000                CY_APPL_LOADABLE = 0x0
                0x00000000                CY_CHECKSUM_EXCLUDE_SIZE = ALIGN (0x0, CY_FLASH_ROW_SIZE)
                0x00000000                CY_APP_FOR_STACK_AND_COPIER = 0x0
                [!provide]                PROVIDE (__cy_heap_start, _end)
                0x00000001                PROVIDE (__cy_region_num, ((__cy_regions_end - __cy_regions) / 0x10))
                0x20004000                PROVIDE (__cy_stack, (ORIGIN (ram) + LENGTH (ram)))
                [!provide]                PROVIDE (__cy_heap_end, (__cy_stack - 0x800))

.cybootloader   0x00000000        0x0
 *(.cybootloader)
                0x00000000                appl1_start = CY_APPL_ORIGIN?CY_APPL_ORIGIN:ALIGN (CY_FLASH_ROW_SIZE)
                0x0000ff80                appl2_start = (appl1_start + ALIGN ((((LENGTH (rom) - appl1_start) - (0x2 * CY_FLASH_ROW_SIZE)) / 0x2), CY_FLASH_ROW_SIZE))
                0x00000000                appl_start = (CY_APPL_NUM == 0x1)?appl1_start:appl2_start
                0x00000001                cy_project_type_bootloader = (appl_start == 0x0)?0x1:0x0
                0x00000000                cy_project_type_app_for_stack_and_copier = (CY_APP_FOR_STACK_AND_COPIER == 0x1)?0x1:0x0

.text           0x00000000     0x26a4
 CREATE_OBJECT_SYMBOLS
                0x00000000                PROVIDE (__cy_interrupt_vector, RomVectors)
 *(.romvectors)
 .romvectors    0x00000000       0x10 .\CortexM0\ARM_GCC_541\Debug\Cm0Start.o
                0x00000000                RomVectors
                0x00000001                ASSERT ((. != __cy_interrupt_vector), No interrupt vector)
                0x00000001                ASSERT (CY_APPL_ORIGIN?(SIZEOF (.cybootloader) <= CY_APPL_ORIGIN):0x1, Wrong image location)
                0x00000010                PROVIDE (__cy_reset, Reset)
 *(.text.Reset)
 .text.Reset    0x00000010        0x8 .\CortexM0\ARM_GCC_541\Debug\Cm0Start.o
                0x00000010                Reset
                0x00000001                ASSERT ((. != __cy_reset), No reset code)
 *(.psocinit)
 .psocinit      0x00000018      0x1e0 .\CortexM0\ARM_GCC_541\Debug\cyfitter_cfg.o
                0x000000cc                cyfitter_cfg
                0x000001f8                . = MAX (., 0x100)
 *(.text .text.* .gnu.linkonce.t.*)
 .text          0x000001f8       0x60 c:/program files (x86)/cypress/psoc creator/4.3/psoc creator/import/gnu/arm/5.4.1/bin/../lib/gcc/arm-none-eabi/5.4.1/armv6-m/crtbegin.o
 .text.initI2C  0x00000258       0x18 .\CortexM0\ARM_GCC_541\Debug\main.o
                0x00000258                initI2C
 .text.initCapSense
                0x00000270       0x20 .\CortexM0\ARM_GCC_541\Debug\main.o
                0x00000270                initCapSense
 .text.updateCapSense
                0x00000290       0x10 .\CortexM0\ARM_GCC_541\Debug\main.o
                0x00000290                updateCapSense
 .text.readTouches
                0x000002a0       0x30 .\CortexM0\ARM_GCC_541\Debug\main.o
                0x000002a0                readTouches
 .text.sendTouches
                0x000002d0       0x3c .\CortexM0\ARM_GCC_541\Debug\main.o
                0x000002d0                sendTouches
 .text.main     0x0000030c       0x38 .\CortexM0\ARM_GCC_541\Debug\main.o
                0x0000030c                main
 .text.cfg_write_bytes32
                0x00000344       0x34 .\CortexM0\ARM_GCC_541\Debug\cyfitter_cfg.o
 .text.AnalogSetDefault
                0x00000378       0x28 .\CortexM0\ARM_GCC_541\Debug\cyfitter_cfg.o
 .text.CYMEMZERO
                0x000003a0        0xc .\CortexM0\ARM_GCC_541\Debug\cyfitter_cfg.o
 .text.IntDefaultHandler
                0x000003ac       0x10 .\CortexM0\ARM_GCC_541\Debug\Cm0Start.o
                0x000003ac                IntDefaultHandler
 .text.Start_c  0x000003bc       0x48 .\CortexM0\ARM_GCC_541\Debug\Cm0Start.o
                0x000003bc                Start_c
 .text.initialize_psoc
                0x00000404       0x4c .\CortexM0\ARM_GCC_541\Debug\Cm0Start.o
                0x00000404                initialize_psoc
 .text.EZI2C_ScbEnableIntr
                0x00000450        0xc .\CortexM0\ARM_GCC_541\Debug\cy8ckit-043-slider.a(EZI2C.o)
 .text.EZI2C_Init
                0x0000045c        0x8 .\CortexM0\ARM_GCC_541\Debug\cy8ckit-043-slider.a(EZI2C.o)
                0x0000045c                EZI2C_Init
 .text.EZI2C_Enable
                0x00000464       0x18 .\CortexM0\ARM_GCC_541\Debug\cy8ckit-043-slider.a(EZI2C.o)
                0x00000464                EZI2C_Enable
 .text.EZI2C_Start
                0x0000047c       0x20 .\CortexM0\ARM_GCC_541\Debug\cy8ckit-043-slider.a(EZI2C.o)
                0x0000047c                EZI2C_Start
 .text.EZI2C_EzI2CInit
                0x0000049c       0xec .\CortexM0\ARM_GCC_541\Debug\cy8ckit-043-slider.a(EZI2C_EZI2C.o)
                0x0000049c                EZI2C_EzI2CInit
 .text.EZI2C_EzI2CSetBuffer1
                0x00000588       0x30 .\CortexM0\ARM_GCC_541\Debug\cy8ckit-043-slider.a(EZI2C_EZI2C.o)
                0x00000588                EZI2C_EzI2CSetBuffer1
 .text.EZI2C_EzI2CSetBuffer2
                0x000005b8       0x30 .\CortexM0\ARM_GCC_541\Debug\cy8ckit-043-slider.a(EZI2C_EZI2C.o)
                0x000005b8                EZI2C_EzI2CSetBuffer2
 .text.EZI2C_EZI2C_STRETCH_ISR
                0x000005e8      0x460 .\CortexM0\ARM_GCC_541\Debug\cy8ckit-043-slider.a(EZI2C_EZI2C_INT.o)
                0x000005e8                EZI2C_EZI2C_STRETCH_ISR
 .text.CapSense_Initialize
                0x00000a48       0x28 .\CortexM0\ARM_GCC_541\Debug\cy8ckit-043-slider.a(CapSense_Control.o)
                0x00000a48                CapSense_Initialize
 .text.CapSense_Start
                0x00000a70       0x48 .\CortexM0\ARM_GCC_541\Debug\cy8ckit-043-slider.a(CapSense_Control.o)
                0x00000a70                CapSense_Start
 .text.CapSense_ProcessAllWidgets
                0x00000ab8       0x44 .\CortexM0\ARM_GCC_541\Debug\cy8ckit-043-slider.a(CapSense_Control.o)
                0x00000ab8                CapSense_ProcessAllWidgets
 .text.CapSense_DpInitialize
                0x00000afc       0x58 .\CortexM0\ARM_GCC_541\Debug\cy8ckit-043-slider.a(CapSense_Processing.o)
                0x00000afc                CapSense_DpInitialize
 .text.CapSense_DpUpdateThresholds
                0x00000b54       0x34 .\CortexM0\ARM_GCC_541\Debug\cy8ckit-043-slider.a(CapSense_Processing.o)
                0x00000b54                CapSense_DpUpdateThresholds
 .text.CapSense_DpUpdateDifferences
                0x00000b88       0x18 .\CortexM0\ARM_GCC_541\Debug\cy8ckit-043-slider.a(CapSense_Processing.o)
                0x00000b88                CapSense_DpUpdateDifferences
 .text.CapSense_DpProcessCsdWidgetRawCounts
                0x00000ba0       0x90 .\CortexM0\ARM_GCC_541\Debug\cy8ckit-043-slider.a(CapSense_Processing.o)
                0x00000ba0                CapSense_DpProcessCsdWidgetRawCounts
 .text.CapSense_DpProcessButton
                0x00000c30       0x64 .\CortexM0\ARM_GCC_541\Debug\cy8ckit-043-slider.a(CapSense_Processing.o)
                0x00000c30                CapSense_DpProcessButton
 .text.CapSense_DpProcessCsdWidgetStatus
                0x00000c94       0x5c .\CortexM0\ARM_GCC_541\Debug\cy8ckit-043-slider.a(CapSense_Processing.o)
                0x00000c94                CapSense_DpProcessCsdWidgetStatus
 .text.CapSense_DsInitialize
                0x00000cf0       0x74 .\CortexM0\ARM_GCC_541\Debug\cy8ckit-043-slider.a(CapSense_Structure.o)
                0x00000cf0                CapSense_DsInitialize
 .text.CapSense_IsSensorActive
                0x00000d64       0x30 .\CortexM0\ARM_GCC_541\Debug\cy8ckit-043-slider.a(CapSense_Structure.o)
                0x00000d64                CapSense_IsSensorActive
 .text.CapSense_TuInitialize
                0x00000d94       0x14 .\CortexM0\ARM_GCC_541\Debug\cy8ckit-043-slider.a(CapSense_Tuner.o)
                0x00000d94                CapSense_TuInitialize
 .text.CapSense_RunTuner
                0x00000da8      0x118 .\CortexM0\ARM_GCC_541\Debug\cy8ckit-043-slider.a(CapSense_Tuner.o)
                0x00000da8                CapSense_RunTuner
 .text.CapSense_FtInitializeBaselineChannel
                0x00000ec0       0x20 .\CortexM0\ARM_GCC_541\Debug\cy8ckit-043-slider.a(CapSense_Filter.o)
                0x00000ec0                CapSense_FtInitializeBaselineChannel
 .text.CapSense_FtInitializeBaseline
                0x00000ee0       0x20 .\CortexM0\ARM_GCC_541\Debug\cy8ckit-043-slider.a(CapSense_Filter.o)
                0x00000ee0                CapSense_FtInitializeBaseline
 .text.CapSense_InitializeSensorBaseline
                0x00000f00       0x20 .\CortexM0\ARM_GCC_541\Debug\cy8ckit-043-slider.a(CapSense_Filter.o)
                0x00000f00                CapSense_InitializeSensorBaseline
 .text.CapSense_InitializeWidgetBaseline
                0x00000f20       0x24 .\CortexM0\ARM_GCC_541\Debug\cy8ckit-043-slider.a(CapSense_Filter.o)
                0x00000f20                CapSense_InitializeWidgetBaseline
 .text.CapSense_InitializeAllBaselines
                0x00000f44       0x18 .\CortexM0\ARM_GCC_541\Debug\cy8ckit-043-slider.a(CapSense_Filter.o)
                0x00000f44                CapSense_InitializeAllBaselines
 .text.CapSense_InitializeIIRInternal
                0x00000f5c       0x20 .\CortexM0\ARM_GCC_541\Debug\cy8ckit-043-slider.a(CapSense_Filter.o)
                0x00000f5c                CapSense_InitializeIIRInternal
 .text.CapSense_InitializeWidgetFilter
                0x00000f7c       0x6c .\CortexM0\ARM_GCC_541\Debug\cy8ckit-043-slider.a(CapSense_Filter.o)
                0x00000f7c                CapSense_InitializeWidgetFilter
 .text.CapSense_InitializeAllFilters
                0x00000fe8       0x18 .\CortexM0\ARM_GCC_541\Debug\cy8ckit-043-slider.a(CapSense_Filter.o)
                0x00000fe8                CapSense_InitializeAllFilters
 .text.CapSense_FtInitialize
                0x00001000        0x8 .\CortexM0\ARM_GCC_541\Debug\cy8ckit-043-slider.a(CapSense_Filter.o)
                0x00001000                CapSense_FtInitialize
 .text.CapSense_FtIIR1stOrder
                0x00001008       0x14 .\CortexM0\ARM_GCC_541\Debug\cy8ckit-043-slider.a(CapSense_Filter.o)
                0x00001008                CapSense_FtIIR1stOrder
 .text.CapSense_FtUpdateBaseline
                0x0000101c       0xa0 .\CortexM0\ARM_GCC_541\Debug\cy8ckit-043-slider.a(CapSense_Filter.o)
                0x0000101c                CapSense_FtUpdateBaseline
 .text.CapSense_RunIIRInternal
                0x000010bc       0x3c .\CortexM0\ARM_GCC_541\Debug\cy8ckit-043-slider.a(CapSense_Filter.o)
                0x000010bc                CapSense_RunIIRInternal
 .text.CapSense_FtRunEnabledFiltersInternal
                0x000010f8        0x8 .\CortexM0\ARM_GCC_541\Debug\cy8ckit-043-slider.a(CapSense_Filter.o)
                0x000010f8                CapSense_FtRunEnabledFiltersInternal
 .text.CapSense_SsTrimIdacsSourcing
                0x00001100       0x2c .\CortexM0\ARM_GCC_541\Debug\cy8ckit-043-slider.a(CapSense_Sensing.o)
 .text.CapSense_SsTrimIdacs
                0x0000112c        0x8 .\CortexM0\ARM_GCC_541\Debug\cy8ckit-043-slider.a(CapSense_Sensing.o)
 .text.CapSense_IsBusy
                0x00001134       0x10 .\CortexM0\ARM_GCC_541\Debug\cy8ckit-043-slider.a(CapSense_Sensing.o)
                0x00001134                CapSense_IsBusy
 .text.CapSense_SetupWidget
                0x00001144       0x40 .\CortexM0\ARM_GCC_541\Debug\cy8ckit-043-slider.a(CapSense_Sensing.o)
                0x00001144                CapSense_SetupWidget
 .text.CapSense_Scan
                0x00001184       0x2c .\CortexM0\ARM_GCC_541\Debug\cy8ckit-043-slider.a(CapSense_Sensing.o)
                0x00001184                CapSense_Scan
 .text.CapSense_ScanAllWidgets
                0x000011b0       0x3c .\CortexM0\ARM_GCC_541\Debug\cy8ckit-043-slider.a(CapSense_Sensing.o)
                0x000011b0                CapSense_ScanAllWidgets
 .text.CapSense_SsSetAllIOsState
                0x000011ec       0x80 .\CortexM0\ARM_GCC_541\Debug\cy8ckit-043-slider.a(CapSense_Sensing.o)
                0x000011ec                CapSense_SsSetAllIOsState
 .text.CapSense_SsPostAllWidgetsScan
                0x0000126c        0x4 .\CortexM0\ARM_GCC_541\Debug\cy8ckit-043-slider.a(CapSense_Sensing.o)
                0x0000126c                CapSense_SsPostAllWidgetsScan
 .text.CapSense_SsSetModClkClockDivider
                0x00001270       0x30 .\CortexM0\ARM_GCC_541\Debug\cy8ckit-043-slider.a(CapSense_Sensing.o)
                0x00001270                CapSense_SsSetModClkClockDivider
 .text.CapSense_SsSetSnsClockDivider
                0x000012a0       0x30 .\CortexM0\ARM_GCC_541\Debug\cy8ckit-043-slider.a(CapSense_Sensing.o)
                0x000012a0                CapSense_SsSetSnsClockDivider
 .text.CapSense_SsCSDGetColSnsClkDivider
                0x000012d0       0x10 .\CortexM0\ARM_GCC_541\Debug\cy8ckit-043-slider.a(CapSense_Sensing.o)
                0x000012d0                CapSense_SsCSDGetColSnsClkDivider
 .text.CapSense_SsCSDCalcPrsSize
                0x000012e0       0x34 .\CortexM0\ARM_GCC_541\Debug\cy8ckit-043-slider.a(CapSense_Sensing.o)
                0x000012e0                CapSense_SsCSDCalcPrsSize
 .text.CapSense_SsSetWidgetSenseClkSrc
                0x00001314       0x14 .\CortexM0\ARM_GCC_541\Debug\cy8ckit-043-slider.a(CapSense_Sensing.o)
 .text.CapSense_SsAutoTuneWidget
                0x00001328      0x120 .\CortexM0\ARM_GCC_541\Debug\cy8ckit-043-slider.a(CapSense_Sensing.o)
                0x00001328                CapSense_SsAutoTuneWidget
 .text.CapSense_SsAutoTune
                0x00001448       0x1c .\CortexM0\ARM_GCC_541\Debug\cy8ckit-043-slider.a(CapSense_Sensing.o)
                0x00001448                CapSense_SsAutoTune
 .text.CapSense_SsInitializeSourceSenseClk
                0x00001464       0x20 .\CortexM0\ARM_GCC_541\Debug\cy8ckit-043-slider.a(CapSense_Sensing.o)
                0x00001464                CapSense_SsInitializeSourceSenseClk
 .text.CapSense_WriteBitsSafe
                0x00001484       0x1c .\CortexM0\ARM_GCC_541\Debug\cy8ckit-043-slider.a(CapSense_Sensing.o)
                0x00001484                CapSense_WriteBitsSafe
 .text.CapSense_SsCSDDisableMode
                0x000014a0       0x18 .\CortexM0\ARM_GCC_541\Debug\cy8ckit-043-slider.a(CapSense_Sensing.o)
 .text.CapSense_SsSwitchSensingMode
                0x000014b8       0x3c .\CortexM0\ARM_GCC_541\Debug\cy8ckit-043-slider.a(CapSense_Sensing.o)
                0x000014b8                CapSense_SsSwitchSensingMode
 .text.CapSense_SsInitialize
                0x000014f4       0x30 .\CortexM0\ARM_GCC_541\Debug\cy8ckit-043-slider.a(CapSense_Sensing.o)
                0x000014f4                CapSense_SsInitialize
 .text.CapSense_SsCSDConfigIDACs
                0x00001524       0x10 .\CortexM0\ARM_GCC_541\Debug\cy8ckit-043-slider.a(CapSense_SensingCSD_LL.o)
 .text.CapSense_SsCSDCalibrateCheck
                0x00001534       0x98 .\CortexM0\ARM_GCC_541\Debug\cy8ckit-043-slider.a(CapSense_SensingCSD_LL.o)
 .text.CapSense_SsCSDSwitchIdacGain
                0x000015cc       0x9c .\CortexM0\ARM_GCC_541\Debug\cy8ckit-043-slider.a(CapSense_SensingCSD_LL.o)
 .text.CapSense_SsCSDNormalizeIdac
                0x00001668       0xcc .\CortexM0\ARM_GCC_541\Debug\cy8ckit-043-slider.a(CapSense_SensingCSD_LL.o)
 .text.CapSense_SsCSDSetModeSnsClockDivider
                0x00001734       0x1c .\CortexM0\ARM_GCC_541\Debug\cy8ckit-043-slider.a(CapSense_SensingCSD_LL.o)
 .text.CapSense_SsCSDInitialize
                0x00001750       0x5c .\CortexM0\ARM_GCC_541\Debug\cy8ckit-043-slider.a(CapSense_SensingCSD_LL.o)
                0x00001750                CapSense_SsCSDInitialize
 .text.CapSense_SsCSDSetUpIdacs
                0x000017ac       0x50 .\CortexM0\ARM_GCC_541\Debug\cy8ckit-043-slider.a(CapSense_SensingCSD_LL.o)
                0x000017ac                CapSense_SsCSDSetUpIdacs
 .text.CapSense_SsCSDConfigClock
                0x000017fc       0x20 .\CortexM0\ARM_GCC_541\Debug\cy8ckit-043-slider.a(CapSense_SensingCSD_LL.o)
                0x000017fc                CapSense_SsCSDConfigClock
 .text.CapSense_SsCSDCalculateScanDuration
                0x0000181c       0x14 .\CortexM0\ARM_GCC_541\Debug\cy8ckit-043-slider.a(CapSense_SensingCSD_LL.o)
                0x0000181c                CapSense_SsCSDCalculateScanDuration
 .text.CapSense_SsCSDStartSample
                0x00001830       0xb8 .\CortexM0\ARM_GCC_541\Debug\cy8ckit-043-slider.a(CapSense_SensingCSD_LL.o)
                0x00001830                CapSense_SsCSDStartSample
 .text.CapSense_CSDScanExt
                0x000018e8       0x1c .\CortexM0\ARM_GCC_541\Debug\cy8ckit-043-slider.a(CapSense_SensingCSD_LL.o)
                0x000018e8                CapSense_CSDScanExt
 .text.CapSense_CSDConnectSns
                0x00001904       0x34 .\CortexM0\ARM_GCC_541\Debug\cy8ckit-043-slider.a(CapSense_SensingCSD_LL.o)
                0x00001904                CapSense_CSDConnectSns
 .text.CapSense_CSDScan
                0x00001938       0x9c .\CortexM0\ARM_GCC_541\Debug\cy8ckit-043-slider.a(CapSense_SensingCSD_LL.o)
                0x00001938                CapSense_CSDScan
 .text.CapSense_SsCSDConnectSensorExt
                0x000019d4       0x24 .\CortexM0\ARM_GCC_541\Debug\cy8ckit-043-slider.a(CapSense_SensingCSD_LL.o)
                0x000019d4                CapSense_SsCSDConnectSensorExt
 .text.CapSense_CSDDisconnectSns
                0x000019f8       0x64 .\CortexM0\ARM_GCC_541\Debug\cy8ckit-043-slider.a(CapSense_SensingCSD_LL.o)
                0x000019f8                CapSense_CSDDisconnectSns
 .text.CapSense_SsCSDElectrodeCheck
                0x00001a5c       0x24 .\CortexM0\ARM_GCC_541\Debug\cy8ckit-043-slider.a(CapSense_SensingCSD_LL.o)
                0x00001a5c                CapSense_SsCSDElectrodeCheck
 .text.CapSense_CSDSetupWidget
                0x00001a80       0x54 .\CortexM0\ARM_GCC_541\Debug\cy8ckit-043-slider.a(CapSense_SensingCSD_LL.o)
                0x00001a80                CapSense_CSDSetupWidget
 .text.CapSense_CSDSetupWidgetExt
                0x00001ad4       0x6c .\CortexM0\ARM_GCC_541\Debug\cy8ckit-043-slider.a(CapSense_SensingCSD_LL.o)
                0x00001ad4                CapSense_CSDSetupWidgetExt
 .text.CapSense_SsCSDCalibrate
                0x00001b40      0x158 .\CortexM0\ARM_GCC_541\Debug\cy8ckit-043-slider.a(CapSense_SensingCSD_LL.o)
 .text.CapSense_CSDCalibrateWidget
                0x00001c98       0x74 .\CortexM0\ARM_GCC_541\Debug\cy8ckit-043-slider.a(CapSense_SensingCSD_LL.o)
                0x00001c98                CapSense_CSDCalibrateWidget
 .text.CapSense_ISR_SetVector
                0x00001d0c        0xc .\CortexM0\ARM_GCC_541\Debug\cy8ckit-043-slider.a(CapSense_ISR.o)
                0x00001d0c                CapSense_ISR_SetVector
 .text.CapSense_ISR_SetPriority
                0x00001d18       0x24 .\CortexM0\ARM_GCC_541\Debug\cy8ckit-043-slider.a(CapSense_ISR.o)
                0x00001d18                CapSense_ISR_SetPriority
 .text.CapSense_ISR_Enable
                0x00001d3c       0x10 .\CortexM0\ARM_GCC_541\Debug\cy8ckit-043-slider.a(CapSense_ISR.o)
                0x00001d3c                CapSense_ISR_Enable
 .text.CapSense_ISR_Disable
                0x00001d4c       0x10 .\CortexM0\ARM_GCC_541\Debug\cy8ckit-043-slider.a(CapSense_ISR.o)
                0x00001d4c                CapSense_ISR_Disable
 .text.CapSense_ISR_StartEx
                0x00001d5c       0x1c .\CortexM0\ARM_GCC_541\Debug\cy8ckit-043-slider.a(CapSense_ISR.o)
                0x00001d5c                CapSense_ISR_StartEx
 .text.CySysClkImoDisableWcoLock
                0x00001d78       0x54 .\CortexM0\ARM_GCC_541\Debug\cy8ckit-043-slider.a(CyLib.o)
                0x00001d78                CySysClkImoDisableWcoLock
 .text.CySysClkImoGetWcoLock
                0x00001dcc       0x14 .\CortexM0\ARM_GCC_541\Debug\cy8ckit-043-slider.a(CyLib.o)
                0x00001dcc                CySysClkImoGetWcoLock
 .text.CyIntEnable
                0x00001de0       0x14 .\CortexM0\ARM_GCC_541\Debug\cy8ckit-043-slider.a(CyLib.o)
                0x00001de0                CyIntEnable
 .text.CyIntDisable
                0x00001df4       0x14 .\CortexM0\ARM_GCC_541\Debug\cy8ckit-043-slider.a(CyLib.o)
                0x00001df4                CyIntDisable
 .text.CyHalt   0x00001e08        0x4 .\CortexM0\ARM_GCC_541\Debug\cy8ckit-043-slider.a(CyLib.o)
                0x00001e08                CyHalt
 .text.CyIntSetVector
                0x00001e0c       0x24 .\CortexM0\ARM_GCC_541\Debug\cy8ckit-043-slider.a(CyLib.o)
                0x00001e0c                CyIntSetVector
 .text.CyIntSetPriority
                0x00001e30       0x4c .\CortexM0\ARM_GCC_541\Debug\cy8ckit-043-slider.a(CyLib.o)
                0x00001e30                CyIntSetPriority
 .text.CyDelay  0x00001e7c       0x30 .\CortexM0\ARM_GCC_541\Debug\cy8ckit-043-slider.a(CyLib.o)
                0x00001e7c                CyDelay
 .text.CySysClkImoEnableWcoLock
                0x00001eac       0xf4 .\CortexM0\ARM_GCC_541\Debug\cy8ckit-043-slider.a(CyLib.o)
                0x00001eac                CySysClkImoEnableWcoLock
 .text.CySysClkWriteImoFreq
                0x00001fa0       0x80 .\CortexM0\ARM_GCC_541\Debug\cy8ckit-043-slider.a(CyLib.o)
                0x00001fa0                CySysClkWriteImoFreq
 .text.CySysWdtLocked
                0x00002020       0x14 .\CortexM0\ARM_GCC_541\Debug\cy8ckit-043-slider.a(CyLFClk.o)
 .text.CySysClkWcoEnabled
                0x00002034       0x14 .\CortexM0\ARM_GCC_541\Debug\cy8ckit-043-slider.a(CyLFClk.o)
                0x00002034                CySysClkWcoEnabled
 .text.CySysWdtLock
                0x00002048       0x1c .\CortexM0\ARM_GCC_541\Debug\cy8ckit-043-slider.a(CyLFClk.o)
                0x00002048                CySysWdtLock
 .text.CySysWdtUnlock
                0x00002064       0x30 .\CortexM0\ARM_GCC_541\Debug\cy8ckit-043-slider.a(CyLFClk.o)
                0x00002064                CySysWdtUnlock
 .text.CySysWdtClearInterrupt
                0x00002094       0x4c .\CortexM0\ARM_GCC_541\Debug\cy8ckit-043-slider.a(CyLFClk.o)
                0x00002094                CySysWdtClearInterrupt
 .text.CySysWdtIsr
                0x000020e0       0xa4 .\CortexM0\ARM_GCC_541\Debug\cy8ckit-043-slider.a(CyLFClk.o)
                0x000020e0                CySysWdtIsr
 *fill*         0x00002184        0x4 
 .text          0x00002188       0x20 .\CortexM0\ARM_GCC_541\Debug\cy8ckit-043-slider.a(CyBootAsmGnu.o)
                0x00002188                CyDelayCycles
                0x0000219a                CyEnterCriticalSection
                0x000021a2                CyExitCriticalSection
 .text.CapSense_SsCSDPostScan
                0x000021a8       0x20 .\CortexM0\ARM_GCC_541\Debug\cy8ckit-043-slider.a(CapSense_INT.o)
 .text.CapSense_SsCSDInitNextScan
                0x000021c8       0xa8 .\CortexM0\ARM_GCC_541\Debug\cy8ckit-043-slider.a(CapSense_INT.o)
 .text.CapSense_CSDPostSingleScan
                0x00002270       0x44 .\CortexM0\ARM_GCC_541\Debug\cy8ckit-043-slider.a(CapSense_INT.o)
                0x00002270                CapSense_CSDPostSingleScan
 .text.CapSense_CSDPostMultiScan
                0x000022b4       0x58 .\CortexM0\ARM_GCC_541\Debug\cy8ckit-043-slider.a(CapSense_INT.o)
                0x000022b4                CapSense_CSDPostMultiScan
 .text.CySysFlashSetWaitCycles
                0x0000230c       0x54 .\CortexM0\ARM_GCC_541\Debug\cy8ckit-043-slider.a(CyFlash.o)
                0x0000230c                CySysFlashSetWaitCycles
 .text.SmartSense_TunePrescalers
                0x00002360       0x60 C:\Program Files (x86)\Cypress\PSoC Creator\4.3\PSoC Creator\psoc\content\CyComponentLibrary\CyComponentLibrary.cylib\CapSense_P4_v7_0\PSoC4\Library\Capsense_P4Library_GCC.a(CapSense_SmartSense_LL.o)
                0x00002360                SmartSense_TunePrescalers
 .text.SmartSense_TuneSensitivity
                0x000023c0       0x7c C:\Program Files (x86)\Cypress\PSoC Creator\4.3\PSoC Creator\psoc\content\CyComponentLibrary\CyComponentLibrary.cylib\CapSense_P4_v7_0\PSoC4\Library\Capsense_P4Library_GCC.a(CapSense_SmartSense_LL.o)
                0x000023c0                SmartSense_TuneSensitivity
 .text.SmartSense_UpdateThresholds
                0x0000243c       0x42 C:\Program Files (x86)\Cypress\PSoC Creator\4.3\PSoC Creator\psoc\content\CyComponentLibrary\CyComponentLibrary.cylib\CapSense_P4_v7_0\PSoC4\Library\Capsense_P4Library_GCC.a(CapSense_SmartSense_SL.o)
                0x0000243c                SmartSense_UpdateThresholds
 .text.SmartSense_InitializeNoiseEnvelope
                0x0000247e       0x18 C:\Program Files (x86)\Cypress\PSoC Creator\4.3\PSoC Creator\psoc\content\CyComponentLibrary\CyComponentLibrary.cylib\CapSense_P4_v7_0\PSoC4\Library\Capsense_P4Library_GCC.a(CapSense_SmartSense_SL.o)
                0x0000247e                SmartSense_InitializeNoiseEnvelope
 .text.SmartSense_RunNoiseEnvelope
                0x00002496       0x8e C:\Program Files (x86)\Cypress\PSoC Creator\4.3\PSoC Creator\psoc\content\CyComponentLibrary\CyComponentLibrary.cylib\CapSense_P4_v7_0\PSoC4\Library\Capsense_P4Library_GCC.a(CapSense_SmartSense_SL.o)
                0x00002496                SmartSense_RunNoiseEnvelope
 .text          0x00002524      0x114 c:/program files (x86)/cypress/psoc creator/4.3/psoc creator/import/gnu/arm/5.4.1/bin/../lib/gcc/arm-none-eabi/5.4.1/armv6-m\libgcc.a(_udivsi3.o)
                0x00002524                __aeabi_uidiv
                0x00002524                __udivsi3
                0x00002630                __aeabi_uidivmod
 .text          0x00002638        0x4 c:/program files (x86)/cypress/psoc creator/4.3/psoc creator/import/gnu/arm/5.4.1/bin/../lib/gcc/arm-none-eabi/5.4.1/armv6-m\libgcc.a(_dvmd_tls.o)
                0x00002638                __aeabi_idiv0
                0x00002638                __aeabi_ldiv0
 .text.__errno  0x0000263c        0xc c:/program files (x86)/cypress/psoc creator/4.3/psoc creator/import/gnu/arm/5.4.1/bin/../lib/gcc/arm-none-eabi/5.4.1/../../../../arm-none-eabi/lib/armv6-m\libg_nano.a(lib_a-errno.o)
                0x0000263c                __errno
 .text.__libc_init_array
                0x00002648       0x4c c:/program files (x86)/cypress/psoc creator/4.3/psoc creator/import/gnu/arm/5.4.1/bin/../lib/gcc/arm-none-eabi/5.4.1/../../../../arm-none-eabi/lib/armv6-m\libg_nano.a(lib_a-init.o)
                0x00002648                __libc_init_array
 .text.memset   0x00002694       0x10 c:/program files (x86)/cypress/psoc creator/4.3/psoc creator/import/gnu/arm/5.4.1/bin/../lib/gcc/arm-none-eabi/5.4.1/../../../../arm-none-eabi/lib/armv6-m\libg_nano.a(lib_a-memset.o)
                0x00002694                memset
 *(.plt)
 *(.gnu.warning)
 *(.glue_7t)
 .glue_7t       0x000026a4        0x0 linker stubs
 *(.glue_7)
 .glue_7        0x000026a4        0x0 linker stubs
 *(.vfp11_veneer)
 .vfp11_veneer  0x000026a4        0x0 linker stubs
 *(.bootloader)
 *(.ARM.extab* .gnu.linkonce.armextab.*)
 *(.gcc_except_table)

.v4_bx          0x000026a4        0x0
 .v4_bx         0x000026a4        0x0 linker stubs

.iplt           0x000026a4        0x0
 .iplt          0x000026a4        0x0 c:/program files (x86)/cypress/psoc creator/4.3/psoc creator/import/gnu/arm/5.4.1/bin/../lib/gcc/arm-none-eabi/5.4.1/armv6-m/crtbegin.o

.eh_frame_hdr
 *(.eh_frame_hdr)

.eh_frame       0x000026a4        0x4
 *(.eh_frame)
 .eh_frame      0x000026a4        0x0 c:/program files (x86)/cypress/psoc creator/4.3/psoc creator/import/gnu/arm/5.4.1/bin/../lib/gcc/arm-none-eabi/5.4.1/armv6-m/crtbegin.o
 .eh_frame      0x000026a4        0x4 c:/program files (x86)/cypress/psoc creator/4.3/psoc creator/import/gnu/arm/5.4.1/bin/../lib/gcc/arm-none-eabi/5.4.1/armv6-m/crtend.o
                [!provide]                PROVIDE (__exidx_start, .)

.ARM.exidx
 *(.ARM.exidx* .gnu.linkonce.armexidx.*)
                0x000026a8                __exidx_end = .

.rodata         0x000026a8      0x4a0
 *(.rodata .rodata.* .gnu.linkonce.r.*)
 .rodata        0x000026a8       0x38 .\CortexM0\ARM_GCC_541\Debug\cyfitter_cfg.o
 .rodata        0x000026e0      0x3d4 .\CortexM0\ARM_GCC_541\Debug\cy8ckit-043-slider.a(CapSense_Structure.o)
                0x000026e0                CapSense_ramIdacInit
                0x00002700                CapSense_dsFlash
                0x00002720                CapSense_ramWidgetInit
                0x00002734                CapSense_ioList
 .rodata        0x00002ab4       0x1c .\CortexM0\ARM_GCC_541\Debug\cy8ckit-043-slider.a(CapSense_Tuner.o)
 .rodata        0x00002ad0       0x11 .\CortexM0\ARM_GCC_541\Debug\cy8ckit-043-slider.a(CapSense_Sensing.o)
                0x00002ad0                CapSense_idacGainTable
                0x00002ae0                CapSense_scanFreqIndex
 *fill*         0x00002ae1        0x3 
 .rodata        0x00002ae4       0x2e .\CortexM0\ARM_GCC_541\Debug\cy8ckit-043-slider.a(CyLib.o)
                0x00002ae4                cyImoFreqMhz2Reg
 .rodata.str1.1
                0x00002b12        0x2 c:/program files (x86)/cypress/psoc creator/4.3/psoc creator/import/gnu/arm/5.4.1/bin/../lib/gcc/arm-none-eabi/5.4.1/../../../../arm-none-eabi/lib/armv6-m\libg_nano.a(lib_a-impure.o)
                0x00002b14                . = ALIGN (0x4)
 *(.init)
 .init          0x00002b14        0x4 c:/program files (x86)/cypress/psoc creator/4.3/psoc creator/import/gnu/arm/5.4.1/bin/../lib/gcc/arm-none-eabi/5.4.1/armv6-m/crti.o
                0x00002b14                _init
 .init          0x00002b18        0x8 c:/program files (x86)/cypress/psoc creator/4.3/psoc creator/import/gnu/arm/5.4.1/bin/../lib/gcc/arm-none-eabi/5.4.1/armv6-m/crtn.o
                0x00002b20                . = ALIGN (0x4)
                0x00002b20                __preinit_array_start = .
 *(.preinit_array)
                0x00002b20                __preinit_array_end = .
                0x00002b20                . = ALIGN (0x4)
                0x00002b20                __init_array_start = .
 *(SORT(.init_array.*))
 *(.init_array)
 .init_array    0x00002b20        0x4 c:/program files (x86)/cypress/psoc creator/4.3/psoc creator/import/gnu/arm/5.4.1/bin/../lib/gcc/arm-none-eabi/5.4.1/armv6-m/crtbegin.o
 .init_array    0x00002b24        0x4 .\CortexM0\ARM_GCC_541\Debug\Cm0Start.o
                0x00002b28                __init_array_end = .
                0x00002b28                . = ALIGN (0x4)
 *(.fini)
 .fini          0x00002b28        0x4 c:/program files (x86)/cypress/psoc creator/4.3/psoc creator/import/gnu/arm/5.4.1/bin/../lib/gcc/arm-none-eabi/5.4.1/armv6-m/crti.o
                0x00002b28                _fini
 .fini          0x00002b2c        0x8 c:/program files (x86)/cypress/psoc creator/4.3/psoc creator/import/gnu/arm/5.4.1/bin/../lib/gcc/arm-none-eabi/5.4.1/armv6-m/crtn.o
                0x00002b34                . = ALIGN (0x4)
                0x00002b34                __fini_array_start = .
 *(.fini_array)
 .fini_array    0x00002b34        0x4 c:/program files (x86)/cypress/psoc creator/4.3/psoc creator/import/gnu/arm/5.4.1/bin/../lib/gcc/arm-none-eabi/5.4.1/armv6-m/crtbegin.o
 *(SORT(.fini_array.*))
                0x00002b38                __fini_array_end = .
                0x00002b38                . = ALIGN (0x4)
 *crtbegin.o(.ctors)
 *(EXCLUDE_FILE(*crtend.o) .ctors)
 *(SORT(.ctors.*))
 *crtend.o(.ctors)
                0x00002b38                . = ALIGN (0x4)
 *crtbegin.o(.dtors)
 *(EXCLUDE_FILE(*crtend.o) .dtors)
 *(SORT(.dtors.*))
 *crtend.o(.dtors)
                0x00002b38                . = ALIGN (0x4)
                0x00002b38                __cy_regions = .
                0x00002b38        0x4 LONG 0x2b48 __cy_region_init_ram
                0x00002b3c        0x4 LONG 0x200000c0 __cy_region_start_data
                0x00002b40        0x4 LONG 0x90 __cy_region_init_size_ram
                0x00002b44        0x4 LONG 0x3f0 __cy_region_zero_size_ram
                0x00002b48                __cy_regions_end = .
                0x00002b48                . = ALIGN (0x8)
                0x00002b48                _etext = .

.cy_checksum_exclude
                0x00002b48        0x0
 *(.cy_checksum_exclude)

.ramvectors     0x20000000       0xc0
                0x20000000                __cy_region_start_ram = .
 *(.ramvectors)
 .ramvectors    0x20000000       0xc0 .\CortexM0\ARM_GCC_541\Debug\Cm0Start.o
                0x20000000                CyRamVectors

.noinit
 *(.noinit)

.data           0x200000c0       0x90 load address 0x00002b48
                0x200000c0                __cy_region_start_data = .
 *(.jcr)
 .jcr           0x200000c0        0x0 c:/program files (x86)/cypress/psoc creator/4.3/psoc creator/import/gnu/arm/5.4.1/bin/../lib/gcc/arm-none-eabi/5.4.1/armv6-m/crtbegin.o
 .jcr           0x200000c0        0x4 c:/program files (x86)/cypress/psoc creator/4.3/psoc creator/import/gnu/arm/5.4.1/bin/../lib/gcc/arm-none-eabi/5.4.1/armv6-m/crtend.o
 *(.got.plt)
 *(.got)
 *(.shdata)
 *(.data .data.* .gnu.linkonce.d.*)
 .data          0x200000c4        0x8 .\CortexM0\ARM_GCC_541\Debug\cy8ckit-043-slider.a(CapSense_SensingCSD_LL.o)
                0x200000c4                CapSense_configCsd
 .data          0x200000cc       0x14 .\CortexM0\ARM_GCC_541\Debug\cy8ckit-043-slider.a(CyLib.o)
                0x200000cc                CySysClkPumpConfig
                0x200000d0                cydelay32kMs
                0x200000d4                cydelayFreqKhz
                0x200000d8                cydelayFreqMhz
                0x200000dc                cydelayFreqHz
 .data          0x200000e0        0x8 .\CortexM0\ARM_GCC_541\Debug\cy8ckit-043-slider.a(CyLFClk.o)
 .data.impure_data
                0x200000e8       0x60 c:/program files (x86)/cypress/psoc creator/4.3/psoc creator/import/gnu/arm/5.4.1/bin/../lib/gcc/arm-none-eabi/5.4.1/../../../../arm-none-eabi/lib/armv6-m\libg_nano.a(lib_a-impure.o)
 .data._impure_ptr
                0x20000148        0x4 c:/program files (x86)/cypress/psoc creator/4.3/psoc creator/import/gnu/arm/5.4.1/bin/../lib/gcc/arm-none-eabi/5.4.1/../../../../arm-none-eabi/lib/armv6-m\libg_nano.a(lib_a-impure.o)
                0x20000148                _impure_ptr
                0x20000150                . = ALIGN (0x8)
 *fill*         0x2000014c        0x4 
 *(.ram)
                0x20000150                _edata = .

.igot.plt       0x20000150        0x0 load address 0x00002bd8
 .igot.plt      0x20000150        0x0 c:/program files (x86)/cypress/psoc creator/4.3/psoc creator/import/gnu/arm/5.4.1/bin/../lib/gcc/arm-none-eabi/5.4.1/armv6-m/crtbegin.o

.bss            0x20000150      0x3f0 load address 0x00002bd8
                0x20000150                PROVIDE (__bss_start__, .)
 *(.shbss)
 *(.bss .bss.* .gnu.linkonce.b.*)
 .bss           0x20000150       0x1c c:/program files (x86)/cypress/psoc creator/4.3/psoc creator/import/gnu/arm/5.4.1/bin/../lib/gcc/arm-none-eabi/5.4.1/armv6-m/crtbegin.o
 .bss           0x2000016c        0x8 .\CortexM0\ARM_GCC_541\Debug\cy8ckit-043-slider.a(EZI2C.o)
                0x2000016c                EZI2C_initVar
                0x20000170                EZI2C_customIntrHandler
 .bss           0x20000174        0xc .\CortexM0\ARM_GCC_541\Debug\cy8ckit-043-slider.a(EZI2C_EZI2C_INT.o)
 .bss           0x20000180        0x1 .\CortexM0\ARM_GCC_541\Debug\cy8ckit-043-slider.a(CapSense_Control.o)
 *fill*         0x20000181        0x3 
 .bss           0x20000184      0x1e0 .\CortexM0\ARM_GCC_541\Debug\cy8ckit-043-slider.a(CapSense_Structure.o)
 .bss           0x20000364        0x4 .\CortexM0\ARM_GCC_541\Debug\cy8ckit-043-slider.a(CapSense_Tuner.o)
 .bss           0x20000368        0x4 .\CortexM0\ARM_GCC_541\Debug\cy8ckit-043-slider.a(CapSense_Sensing.o)
                0x20000368                CapSense_currentSenseMethod
                0x20000369                CapSense_requestScanAllWidget
                0x2000036a                CapSense_sensorIndex
                0x2000036b                CapSense_widgetIndex
 .bss           0x2000036c        0x1 .\CortexM0\ARM_GCC_541\Debug\cy8ckit-043-slider.a(CapSense_SensingCSD_LL.o)
 *fill*         0x2000036d        0x3 
 .bss           0x20000370       0x28 .\CortexM0\ARM_GCC_541\Debug\cy8ckit-043-slider.a(CyLFClk.o)
 *(COMMON)
 COMMON         0x20000398        0x4 .\CortexM0\ARM_GCC_541\Debug\main.o
                0x20000398                buffer
 COMMON         0x2000039c       0x1e .\CortexM0\ARM_GCC_541\Debug\cy8ckit-043-slider.a(EZI2C_EZI2C.o)
                0x2000039c                EZI2C_offsetBuf1
                0x2000039e                EZI2C_indexBuf2
                0x200003a0                EZI2C_addrBuf2
                0x200003a2                EZI2C_indexBuf1
                0x200003a4                EZI2C_fsmState
                0x200003a6                EZI2C_protectBuf1
                0x200003a8                EZI2C_curStatus
                0x200003a9                EZI2C_addrBuf1
                0x200003aa                EZI2C_bufSizeBuf2
                0x200003ac                EZI2C_dataBuffer2
                0x200003b0                EZI2C_dataBuffer1
                0x200003b4                EZI2C_bufSizeBuf1
                0x200003b6                EZI2C_protectBuf2
                0x200003b8                EZI2C_offsetBuf2
 *fill*         0x200003ba        0x2 
 COMMON         0x200003bc      0x17c .\CortexM0\ARM_GCC_541\Debug\cy8ckit-043-slider.a(CapSense_Structure.o)
                0x200003bc                CapSense_dsRam
 COMMON         0x20000538        0x8 .\CortexM0\ARM_GCC_541\Debug\cy8ckit-043-slider.a(CapSense_Sensing.o)
                0x20000538                CapSense_curRamSnsPtr
                0x2000053c                CapSense_curSnsIOPtr
                0x20000540                . = ALIGN (0x8)
 *(.ram.b)
                0x20000540                _end = .
                0x20000540                __end = .
                0x20000540                PROVIDE (end, .)
                0x20000540                PROVIDE (__bss_end__, .)
                0x00002b48                __cy_region_init_ram = LOADADDR (.data)
                0x00000090                __cy_region_init_size_ram = (_edata - ADDR (.data))
                0x000003f0                __cy_region_zero_size_ram = (_end - _edata)

.heap           0x20000540       0x80 load address 0x00002bd8
                0x20000540                . = _end
                0x200005c0                . = (. + 0x80)
 *fill*         0x20000540       0x80 
                0x200005c0                __cy_heap_limit = .

.stack          0x20003800      0x800
                0x20003800                __cy_stack_limit = .
                0x20004000                . = (. + 0x800)
 *fill*         0x20003800      0x800 
                0x00000001                ASSERT ((__cy_stack_limit >= __cy_heap_limit), region RAM overflowed with stack)
                0x00000000                cy_checksum_exclude_size = (CY_APPL_LOADABLE == 0x1)?SIZEOF (.cy_checksum_exclude):0x0
                0x00000001                ASSERT ((cy_checksum_exclude_size <= CY_CHECKSUM_EXCLUDE_SIZE), CY_BOOT: Section .cy_checksum_exclude size exceedes specified limit.)
                0x0001ffc0                cyloadermeta_start = (cy_project_type_bootloader || cy_project_type_app_for_stack_and_copier)?(LENGTH (rom) - CY_METADATA_SIZE):0xf0000000

.cyloadermeta
 *(.cyloadermeta)
                0x0001ffc0                cyloadablemeta_start = cy_project_type_app_for_stack_and_copier?((LENGTH (rom) - CY_FLASH_ROW_SIZE) - CY_METADATA_SIZE):((LENGTH (rom) - (CY_FLASH_ROW_SIZE * (CY_APPL_NUM - 0x1))) - CY_METADATA_SIZE)

.cyloadablemeta
 *(.cyloadablemeta)

.cyflashprotect
                0x90400000       0x80
 *(.cyflashprotect)
 .cyflashprotect
                0x90400000       0x80 .\CortexM0\ARM_GCC_541\Debug\cymetadata.o
                0x90400000                cy_meta_flashprotect

.cymeta         0x90500000        0xc
 *(.cymeta)
 .cymeta        0x90500000        0xc .\CortexM0\ARM_GCC_541\Debug\cymetadata.o
                0x90500000                cy_metadata

.cychipprotect  0x90600000        0x1
 *(.cychipprotect)
 .cychipprotect
                0x90600000        0x1 .\CortexM0\ARM_GCC_541\Debug\cymetadata.o
                0x90600000                cy_meta_chipprotect

.rel.dyn        0x00002bd8        0x0 load address 0x90600004
 .rel.iplt      0x00002bd8        0x0 c:/program files (x86)/cypress/psoc creator/4.3/psoc creator/import/gnu/arm/5.4.1/bin/../lib/gcc/arm-none-eabi/5.4.1/armv6-m/crtbegin.o

.stab
 *(.stab)

.stabstr
 *(.stabstr)

.debug
 *(.debug)

.line
 *(.line)

.debug_srcinfo
 *(.debug_srcinfo)

.debug_sfnames
 *(.debug_sfnames)

.debug_aranges  0x00000000      0xa58
 *(.debug_aranges)
 .debug_aranges
                0x00000000       0x48 .\CortexM0\ARM_GCC_541\Debug\main.o
 .debug_aranges
                0x00000048       0x48 .\CortexM0\ARM_GCC_541\Debug\cyfitter_cfg.o
 .debug_aranges
                0x00000090       0x18 .\CortexM0\ARM_GCC_541\Debug\cymetadata.o
 .debug_aranges
                0x000000a8       0x48 .\CortexM0\ARM_GCC_541\Debug\Cm0Start.o
 .debug_aranges
                0x000000f0       0x60 .\CortexM0\ARM_GCC_541\Debug\cy8ckit-043-slider.a(EZI2C.o)
 .debug_aranges
                0x00000150       0x78 .\CortexM0\ARM_GCC_541\Debug\cy8ckit-043-slider.a(EZI2C_EZI2C.o)
 .debug_aranges
                0x000001c8       0x20 .\CortexM0\ARM_GCC_541\Debug\cy8ckit-043-slider.a(EZI2C_EZI2C_INT.o)
 .debug_aranges
                0x000001e8       0x68 .\CortexM0\ARM_GCC_541\Debug\cy8ckit-043-slider.a(CapSense_Control.o)
 .debug_aranges
                0x00000250       0x50 .\CortexM0\ARM_GCC_541\Debug\cy8ckit-043-slider.a(CapSense_Processing.o)
 .debug_aranges
                0x000002a0       0x50 .\CortexM0\ARM_GCC_541\Debug\cy8ckit-043-slider.a(CapSense_Structure.o)
 .debug_aranges
                0x000002f0       0x28 .\CortexM0\ARM_GCC_541\Debug\cy8ckit-043-slider.a(CapSense_Tuner.o)
 .debug_aranges
                0x00000318       0xc0 .\CortexM0\ARM_GCC_541\Debug\cy8ckit-043-slider.a(CapSense_Filter.o)
 .debug_aranges
                0x000003d8      0x100 .\CortexM0\ARM_GCC_541\Debug\cy8ckit-043-slider.a(CapSense_Sensing.o)
 .debug_aranges
                0x000004d8       0xc0 .\CortexM0\ARM_GCC_541\Debug\cy8ckit-043-slider.a(CapSense_SensingCSD_LL.o)
 .debug_aranges
                0x00000598       0x80 .\CortexM0\ARM_GCC_541\Debug\cy8ckit-043-slider.a(CapSense_ISR.o)
 .debug_aranges
                0x00000618      0x1c8 .\CortexM0\ARM_GCC_541\Debug\cy8ckit-043-slider.a(CyLib.o)
 .debug_aranges
                0x000007e0      0x188 .\CortexM0\ARM_GCC_541\Debug\cy8ckit-043-slider.a(CyLFClk.o)
 .debug_aranges
                0x00000968       0x20 .\CortexM0\ARM_GCC_541\Debug\cy8ckit-043-slider.a(CyBootAsmGnu.o)
 .debug_aranges
                0x00000988       0x38 .\CortexM0\ARM_GCC_541\Debug\cy8ckit-043-slider.a(CapSense_INT.o)
 .debug_aranges
                0x000009c0       0x40 .\CortexM0\ARM_GCC_541\Debug\cy8ckit-043-slider.a(CyFlash.o)
 .debug_aranges
                0x00000a00       0x28 C:\Program Files (x86)\Cypress\PSoC Creator\4.3\PSoC Creator\psoc\content\CyComponentLibrary\CyComponentLibrary.cylib\CapSense_P4_v7_0\PSoC4\Library\Capsense_P4Library_GCC.a(CapSense_SmartSense_LL.o)
 .debug_aranges
                0x00000a28       0x30 C:\Program Files (x86)\Cypress\PSoC Creator\4.3\PSoC Creator\psoc\content\CyComponentLibrary\CyComponentLibrary.cylib\CapSense_P4_v7_0\PSoC4\Library\Capsense_P4Library_GCC.a(CapSense_SmartSense_SL.o)

.debug_pubnames
 *(.debug_pubnames)

.debug_info     0x00000000     0xa572
 *(.debug_info .gnu.linkonce.wi.*)
 .debug_info    0x00000000      0x688 .\CortexM0\ARM_GCC_541\Debug\main.o
 .debug_info    0x00000688      0x3f1 .\CortexM0\ARM_GCC_541\Debug\cyfitter_cfg.o
 .debug_info    0x00000a79       0xf8 .\CortexM0\ARM_GCC_541\Debug\cymetadata.o
 .debug_info    0x00000b71      0x3a2 .\CortexM0\ARM_GCC_541\Debug\Cm0Start.o
 .debug_info    0x00000f13      0x298 .\CortexM0\ARM_GCC_541\Debug\cy8ckit-043-slider.a(EZI2C.o)
 .debug_info    0x000011ab      0x4ae .\CortexM0\ARM_GCC_541\Debug\cy8ckit-043-slider.a(EZI2C_EZI2C.o)
 .debug_info    0x00001659      0x284 .\CortexM0\ARM_GCC_541\Debug\cy8ckit-043-slider.a(EZI2C_EZI2C_INT.o)
 .debug_info    0x000018dd      0xa5e .\CortexM0\ARM_GCC_541\Debug\cy8ckit-043-slider.a(CapSense_Control.o)
 .debug_info    0x0000233b      0xc0a .\CortexM0\ARM_GCC_541\Debug\cy8ckit-043-slider.a(CapSense_Processing.o)
 .debug_info    0x00002f45      0xb31 .\CortexM0\ARM_GCC_541\Debug\cy8ckit-043-slider.a(CapSense_Structure.o)
 .debug_info    0x00003a76      0x680 .\CortexM0\ARM_GCC_541\Debug\cy8ckit-043-slider.a(CapSense_Tuner.o)
 .debug_info    0x000040f6      0xd44 .\CortexM0\ARM_GCC_541\Debug\cy8ckit-043-slider.a(CapSense_Filter.o)
 .debug_info    0x00004e3a     0x1416 .\CortexM0\ARM_GCC_541\Debug\cy8ckit-043-slider.a(CapSense_Sensing.o)
 .debug_info    0x00006250     0x1247 .\CortexM0\ARM_GCC_541\Debug\cy8ckit-043-slider.a(CapSense_SensingCSD_LL.o)
 .debug_info    0x00007497      0x305 .\CortexM0\ARM_GCC_541\Debug\cy8ckit-043-slider.a(CapSense_ISR.o)
 .debug_info    0x0000779c      0xd40 .\CortexM0\ARM_GCC_541\Debug\cy8ckit-043-slider.a(CyLib.o)
 .debug_info    0x000084dc     0x1058 .\CortexM0\ARM_GCC_541\Debug\cy8ckit-043-slider.a(CyLFClk.o)
 .debug_info    0x00009534       0x86 .\CortexM0\ARM_GCC_541\Debug\cy8ckit-043-slider.a(CyBootAsmGnu.o)
 .debug_info    0x000095ba      0x7b8 .\CortexM0\ARM_GCC_541\Debug\cy8ckit-043-slider.a(CapSense_INT.o)
 .debug_info    0x00009d72      0x350 .\CortexM0\ARM_GCC_541\Debug\cy8ckit-043-slider.a(CyFlash.o)
 .debug_info    0x0000a0c2      0x25c C:\Program Files (x86)\Cypress\PSoC Creator\4.3\PSoC Creator\psoc\content\CyComponentLibrary\CyComponentLibrary.cylib\CapSense_P4_v7_0\PSoC4\Library\Capsense_P4Library_GCC.a(CapSense_SmartSense_LL.o)
 .debug_info    0x0000a31e      0x254 C:\Program Files (x86)\Cypress\PSoC Creator\4.3\PSoC Creator\psoc\content\CyComponentLibrary\CyComponentLibrary.cylib\CapSense_P4_v7_0\PSoC4\Library\Capsense_P4Library_GCC.a(CapSense_SmartSense_SL.o)

.debug_abbrev   0x00000000     0x231a
 *(.debug_abbrev)
 .debug_abbrev  0x00000000      0x1ec .\CortexM0\ARM_GCC_541\Debug\main.o
 .debug_abbrev  0x000001ec      0x1cd .\CortexM0\ARM_GCC_541\Debug\cyfitter_cfg.o
 .debug_abbrev  0x000003b9       0x5d .\CortexM0\ARM_GCC_541\Debug\cymetadata.o
 .debug_abbrev  0x00000416      0x1d7 .\CortexM0\ARM_GCC_541\Debug\Cm0Start.o
 .debug_abbrev  0x000005ed      0x118 .\CortexM0\ARM_GCC_541\Debug\cy8ckit-043-slider.a(EZI2C.o)
 .debug_abbrev  0x00000705      0x165 .\CortexM0\ARM_GCC_541\Debug\cy8ckit-043-slider.a(EZI2C_EZI2C.o)
 .debug_abbrev  0x0000086a       0xbf .\CortexM0\ARM_GCC_541\Debug\cy8ckit-043-slider.a(EZI2C_EZI2C_INT.o)
 .debug_abbrev  0x00000929      0x227 .\CortexM0\ARM_GCC_541\Debug\cy8ckit-043-slider.a(CapSense_Control.o)
 .debug_abbrev  0x00000b50      0x1de .\CortexM0\ARM_GCC_541\Debug\cy8ckit-043-slider.a(CapSense_Processing.o)
 .debug_abbrev  0x00000d2e      0x22c .\CortexM0\ARM_GCC_541\Debug\cy8ckit-043-slider.a(CapSense_Structure.o)
 .debug_abbrev  0x00000f5a      0x182 .\CortexM0\ARM_GCC_541\Debug\cy8ckit-043-slider.a(CapSense_Tuner.o)
 .debug_abbrev  0x000010dc      0x23a .\CortexM0\ARM_GCC_541\Debug\cy8ckit-043-slider.a(CapSense_Filter.o)
 .debug_abbrev  0x00001316      0x255 .\CortexM0\ARM_GCC_541\Debug\cy8ckit-043-slider.a(CapSense_Sensing.o)
 .debug_abbrev  0x0000156b      0x2a7 .\CortexM0\ARM_GCC_541\Debug\cy8ckit-043-slider.a(CapSense_SensingCSD_LL.o)
 .debug_abbrev  0x00001812      0x19a .\CortexM0\ARM_GCC_541\Debug\cy8ckit-043-slider.a(CapSense_ISR.o)
 .debug_abbrev  0x000019ac      0x20b .\CortexM0\ARM_GCC_541\Debug\cy8ckit-043-slider.a(CyLib.o)
 .debug_abbrev  0x00001bb7      0x248 .\CortexM0\ARM_GCC_541\Debug\cy8ckit-043-slider.a(CyLFClk.o)
 .debug_abbrev  0x00001dff       0x14 .\CortexM0\ARM_GCC_541\Debug\cy8ckit-043-slider.a(CyBootAsmGnu.o)
 .debug_abbrev  0x00001e13      0x19b .\CortexM0\ARM_GCC_541\Debug\cy8ckit-043-slider.a(CapSense_INT.o)
 .debug_abbrev  0x00001fae      0x182 .\CortexM0\ARM_GCC_541\Debug\cy8ckit-043-slider.a(CyFlash.o)
 .debug_abbrev  0x00002130      0x124 C:\Program Files (x86)\Cypress\PSoC Creator\4.3\PSoC Creator\psoc\content\CyComponentLibrary\CyComponentLibrary.cylib\CapSense_P4_v7_0\PSoC4\Library\Capsense_P4Library_GCC.a(CapSense_SmartSense_LL.o)
 .debug_abbrev  0x00002254       0xc6 C:\Program Files (x86)\Cypress\PSoC Creator\4.3\PSoC Creator\psoc\content\CyComponentLibrary\CyComponentLibrary.cylib\CapSense_P4_v7_0\PSoC4\Library\Capsense_P4Library_GCC.a(CapSense_SmartSense_SL.o)

.debug_line     0x00000000     0x332b
 *(.debug_line)
 .debug_line    0x00000000      0x28f .\CortexM0\ARM_GCC_541\Debug\main.o
 .debug_line    0x0000028f      0x1a2 .\CortexM0\ARM_GCC_541\Debug\cyfitter_cfg.o
 .debug_line    0x00000431      0x141 .\CortexM0\ARM_GCC_541\Debug\cymetadata.o
 .debug_line    0x00000572      0x236 .\CortexM0\ARM_GCC_541\Debug\Cm0Start.o
 .debug_line    0x000007a8      0x128 .\CortexM0\ARM_GCC_541\Debug\cy8ckit-043-slider.a(EZI2C.o)
 .debug_line    0x000008d0      0x167 .\CortexM0\ARM_GCC_541\Debug\cy8ckit-043-slider.a(EZI2C_EZI2C.o)
 .debug_line    0x00000a37      0x1d2 .\CortexM0\ARM_GCC_541\Debug\cy8ckit-043-slider.a(EZI2C_EZI2C_INT.o)
 .debug_line    0x00000c09      0x245 .\CortexM0\ARM_GCC_541\Debug\cy8ckit-043-slider.a(CapSense_Control.o)
 .debug_line    0x00000e4e      0x33c .\CortexM0\ARM_GCC_541\Debug\cy8ckit-043-slider.a(CapSense_Processing.o)
 .debug_line    0x0000118a      0x1db .\CortexM0\ARM_GCC_541\Debug\cy8ckit-043-slider.a(CapSense_Structure.o)
 .debug_line    0x00001365      0x138 .\CortexM0\ARM_GCC_541\Debug\cy8ckit-043-slider.a(CapSense_Tuner.o)
 .debug_line    0x0000149d      0x2f9 .\CortexM0\ARM_GCC_541\Debug\cy8ckit-043-slider.a(CapSense_Filter.o)
 .debug_line    0x00001796      0x5fe .\CortexM0\ARM_GCC_541\Debug\cy8ckit-043-slider.a(CapSense_Sensing.o)
 .debug_line    0x00001d94      0x472 .\CortexM0\ARM_GCC_541\Debug\cy8ckit-043-slider.a(CapSense_SensingCSD_LL.o)
 .debug_line    0x00002206      0x158 .\CortexM0\ARM_GCC_541\Debug\cy8ckit-043-slider.a(CapSense_ISR.o)
 .debug_line    0x0000235e      0x563 .\CortexM0\ARM_GCC_541\Debug\cy8ckit-043-slider.a(CyLib.o)
 .debug_line    0x000028c1      0x5d1 .\CortexM0\ARM_GCC_541\Debug\cy8ckit-043-slider.a(CyLFClk.o)
 .debug_line    0x00002e92       0x68 .\CortexM0\ARM_GCC_541\Debug\cy8ckit-043-slider.a(CyBootAsmGnu.o)
 .debug_line    0x00002efa      0x147 .\CortexM0\ARM_GCC_541\Debug\cy8ckit-043-slider.a(CapSense_INT.o)
 .debug_line    0x00003041      0x173 .\CortexM0\ARM_GCC_541\Debug\cy8ckit-043-slider.a(CyFlash.o)
 .debug_line    0x000031b4       0xa0 C:\Program Files (x86)\Cypress\PSoC Creator\4.3\PSoC Creator\psoc\content\CyComponentLibrary\CyComponentLibrary.cylib\CapSense_P4_v7_0\PSoC4\Library\Capsense_P4Library_GCC.a(CapSense_SmartSense_LL.o)
 .debug_line    0x00003254       0xd7 C:\Program Files (x86)\Cypress\PSoC Creator\4.3\PSoC Creator\psoc\content\CyComponentLibrary\CyComponentLibrary.cylib\CapSense_P4_v7_0\PSoC4\Library\Capsense_P4Library_GCC.a(CapSense_SmartSense_SL.o)

.debug_frame    0x00000000     0x1d30
 *(.debug_frame)
 .debug_frame   0x00000000       0xc0 .\CortexM0\ARM_GCC_541\Debug\main.o
 .debug_frame   0x000000c0       0xa8 .\CortexM0\ARM_GCC_541\Debug\cyfitter_cfg.o
 .debug_frame   0x00000168       0xbc .\CortexM0\ARM_GCC_541\Debug\Cm0Start.o
 .debug_frame   0x00000224       0xe8 .\CortexM0\ARM_GCC_541\Debug\cy8ckit-043-slider.a(EZI2C.o)
 .debug_frame   0x0000030c      0x120 .\CortexM0\ARM_GCC_541\Debug\cy8ckit-043-slider.a(EZI2C_EZI2C.o)
 .debug_frame   0x0000042c       0x30 .\CortexM0\ARM_GCC_541\Debug\cy8ckit-043-slider.a(EZI2C_EZI2C_INT.o)
 .debug_frame   0x0000045c      0x128 .\CortexM0\ARM_GCC_541\Debug\cy8ckit-043-slider.a(CapSense_Control.o)
 .debug_frame   0x00000584      0x108 .\CortexM0\ARM_GCC_541\Debug\cy8ckit-043-slider.a(CapSense_Processing.o)
 .debug_frame   0x0000068c       0xc0 .\CortexM0\ARM_GCC_541\Debug\cy8ckit-043-slider.a(CapSense_Structure.o)
 .debug_frame   0x0000074c       0x40 .\CortexM0\ARM_GCC_541\Debug\cy8ckit-043-slider.a(CapSense_Tuner.o)
 .debug_frame   0x0000078c      0x298 .\CortexM0\ARM_GCC_541\Debug\cy8ckit-043-slider.a(CapSense_Filter.o)
 .debug_frame   0x00000a24      0x354 .\CortexM0\ARM_GCC_541\Debug\cy8ckit-043-slider.a(CapSense_Sensing.o)
 .debug_frame   0x00000d78      0x2c0 .\CortexM0\ARM_GCC_541\Debug\cy8ckit-043-slider.a(CapSense_SensingCSD_LL.o)
 .debug_frame   0x00001038      0x110 .\CortexM0\ARM_GCC_541\Debug\cy8ckit-043-slider.a(CapSense_ISR.o)
 .debug_frame   0x00001148      0x48c .\CortexM0\ARM_GCC_541\Debug\cy8ckit-043-slider.a(CyLib.o)
 .debug_frame   0x000015d4      0x4a4 .\CortexM0\ARM_GCC_541\Debug\cy8ckit-043-slider.a(CyLFClk.o)
 .debug_frame   0x00001a78       0x78 .\CortexM0\ARM_GCC_541\Debug\cy8ckit-043-slider.a(CapSense_INT.o)
 .debug_frame   0x00001af0       0x90 .\CortexM0\ARM_GCC_541\Debug\cy8ckit-043-slider.a(CyFlash.o)
 .debug_frame   0x00001b80       0x5c C:\Program Files (x86)\Cypress\PSoC Creator\4.3\PSoC Creator\psoc\content\CyComponentLibrary\CyComponentLibrary.cylib\CapSense_P4_v7_0\PSoC4\Library\Capsense_P4Library_GCC.a(CapSense_SmartSense_LL.o)
 .debug_frame   0x00001bdc       0x58 C:\Program Files (x86)\Cypress\PSoC Creator\4.3\PSoC Creator\psoc\content\CyComponentLibrary\CyComponentLibrary.cylib\CapSense_P4_v7_0\PSoC4\Library\Capsense_P4Library_GCC.a(CapSense_SmartSense_SL.o)
 .debug_frame   0x00001c34       0x20 c:/program files (x86)/cypress/psoc creator/4.3/psoc creator/import/gnu/arm/5.4.1/bin/../lib/gcc/arm-none-eabi/5.4.1/armv6-m\libgcc.a(_udivsi3.o)
 .debug_frame   0x00001c54       0x20 c:/program files (x86)/cypress/psoc creator/4.3/psoc creator/import/gnu/arm/5.4.1/bin/../lib/gcc/arm-none-eabi/5.4.1/armv6-m\libgcc.a(_divsi3.o)
 .debug_frame   0x00001c74       0x20 c:/program files (x86)/cypress/psoc creator/4.3/psoc creator/import/gnu/arm/5.4.1/bin/../lib/gcc/arm-none-eabi/5.4.1/../../../../arm-none-eabi/lib/armv6-m\libg_nano.a(lib_a-errno.o)
 .debug_frame   0x00001c94       0x28 c:/program files (x86)/cypress/psoc creator/4.3/psoc creator/import/gnu/arm/5.4.1/bin/../lib/gcc/arm-none-eabi/5.4.1/../../../../arm-none-eabi/lib/armv6-m\libg_nano.a(lib_a-exit.o)
 .debug_frame   0x00001cbc       0x2c c:/program files (x86)/cypress/psoc creator/4.3/psoc creator/import/gnu/arm/5.4.1/bin/../lib/gcc/arm-none-eabi/5.4.1/../../../../arm-none-eabi/lib/armv6-m\libg_nano.a(lib_a-init.o)
 .debug_frame   0x00001ce8       0x28 c:/program files (x86)/cypress/psoc creator/4.3/psoc creator/import/gnu/arm/5.4.1/bin/../lib/gcc/arm-none-eabi/5.4.1/../../../../arm-none-eabi/lib/armv6-m\libg_nano.a(lib_a-memcpy-stub.o)
 .debug_frame   0x00001d10       0x20 c:/program files (x86)/cypress/psoc creator/4.3/psoc creator/import/gnu/arm/5.4.1/bin/../lib/gcc/arm-none-eabi/5.4.1/../../../../arm-none-eabi/lib/armv6-m\libg_nano.a(lib_a-memset.o)

.debug_str      0x00000000     0x352c
 *(.debug_str)
 .debug_str     0x00000000      0x4dc .\CortexM0\ARM_GCC_541\Debug\main.o
                                0x52b (size before relaxing)
 .debug_str     0x000004dc      0x145 .\CortexM0\ARM_GCC_541\Debug\cyfitter_cfg.o
                                0x2f3 (size before relaxing)
 .debug_str     0x00000621       0x59 .\CortexM0\ARM_GCC_541\Debug\cymetadata.o
                                0x1be (size before relaxing)
 .debug_str     0x0000067a      0x13a .\CortexM0\ARM_GCC_541\Debug\Cm0Start.o
                                0x2f7 (size before relaxing)
 .debug_str     0x000007b4      0x138 .\CortexM0\ARM_GCC_541\Debug\cy8ckit-043-slider.a(EZI2C.o)
                                0x2d4 (size before relaxing)
 .debug_str     0x000008ec      0x21c .\CortexM0\ARM_GCC_541\Debug\cy8ckit-043-slider.a(EZI2C_EZI2C.o)
                                0x431 (size before relaxing)
 .debug_str     0x00000b08       0xe4 .\CortexM0\ARM_GCC_541\Debug\cy8ckit-043-slider.a(EZI2C_EZI2C_INT.o)
                                0x386 (size before relaxing)
 .debug_str     0x00000bec      0x529 .\CortexM0\ARM_GCC_541\Debug\cy8ckit-043-slider.a(CapSense_Control.o)
                                0x96f (size before relaxing)
 .debug_str     0x00001115      0x1fd .\CortexM0\ARM_GCC_541\Debug\cy8ckit-043-slider.a(CapSense_Processing.o)
                                0x921 (size before relaxing)
 .debug_str     0x00001312      0x1d8 .\CortexM0\ARM_GCC_541\Debug\cy8ckit-043-slider.a(CapSense_Structure.o)
                                0x877 (size before relaxing)
 .debug_str     0x000014ea      0x15f .\CortexM0\ARM_GCC_541\Debug\cy8ckit-043-slider.a(CapSense_Tuner.o)
                                0x6a3 (size before relaxing)
 .debug_str     0x00001649      0x2f4 .\CortexM0\ARM_GCC_541\Debug\cy8ckit-043-slider.a(CapSense_Filter.o)
                                0x942 (size before relaxing)
 .debug_str     0x0000193d      0x7d0 .\CortexM0\ARM_GCC_541\Debug\cy8ckit-043-slider.a(CapSense_Sensing.o)
                                0xeb3 (size before relaxing)
 .debug_str     0x0000210d      0x362 .\CortexM0\ARM_GCC_541\Debug\cy8ckit-043-slider.a(CapSense_SensingCSD_LL.o)
                                0xc4b (size before relaxing)
 .debug_str     0x0000246f      0x14b .\CortexM0\ARM_GCC_541\Debug\cy8ckit-043-slider.a(CapSense_ISR.o)
                                0x342 (size before relaxing)
 .debug_str     0x000025ba      0x572 .\CortexM0\ARM_GCC_541\Debug\cy8ckit-043-slider.a(CyLib.o)
                                0x7f3 (size before relaxing)
 .debug_str     0x00002b2c      0x6d9 .\CortexM0\ARM_GCC_541\Debug\cy8ckit-043-slider.a(CyLFClk.o)
                                0x913 (size before relaxing)
 .debug_str     0x00003205       0x8d .\CortexM0\ARM_GCC_541\Debug\cy8ckit-043-slider.a(CapSense_INT.o)
                                0x722 (size before relaxing)
 .debug_str     0x00003292       0xa7 .\CortexM0\ARM_GCC_541\Debug\cy8ckit-043-slider.a(CyFlash.o)
                                0x2a6 (size before relaxing)
 .debug_str     0x00003339      0x186 C:\Program Files (x86)\Cypress\PSoC Creator\4.3\PSoC Creator\psoc\content\CyComponentLibrary\CyComponentLibrary.cylib\CapSense_P4_v7_0\PSoC4\Library\Capsense_P4Library_GCC.a(CapSense_SmartSense_LL.o)
                                0x2c4 (size before relaxing)
 .debug_str     0x000034bf       0x6d C:\Program Files (x86)\Cypress\PSoC Creator\4.3\PSoC Creator\psoc\content\CyComponentLibrary\CyComponentLibrary.cylib\CapSense_P4_v7_0\PSoC4\Library\Capsense_P4Library_GCC.a(CapSense_SmartSense_SL.o)
                                0x313 (size before relaxing)

.debug_loc      0x00000000     0x5695
 *(.debug_loc)
 .debug_loc     0x00000000      0x12c .\CortexM0\ARM_GCC_541\Debug\main.o
 .debug_loc     0x0000012c      0x14d .\CortexM0\ARM_GCC_541\Debug\cyfitter_cfg.o
 .debug_loc     0x00000279      0x14f .\CortexM0\ARM_GCC_541\Debug\Cm0Start.o
 .debug_loc     0x000003c8       0x7e .\CortexM0\ARM_GCC_541\Debug\cy8ckit-043-slider.a(EZI2C.o)
 .debug_loc     0x00000446      0x1f0 .\CortexM0\ARM_GCC_541\Debug\cy8ckit-043-slider.a(EZI2C_EZI2C.o)
 .debug_loc     0x00000636      0x162 .\CortexM0\ARM_GCC_541\Debug\cy8ckit-043-slider.a(EZI2C_EZI2C_INT.o)
 .debug_loc     0x00000798      0x43b .\CortexM0\ARM_GCC_541\Debug\cy8ckit-043-slider.a(CapSense_Control.o)
 .debug_loc     0x00000bd3      0x626 .\CortexM0\ARM_GCC_541\Debug\cy8ckit-043-slider.a(CapSense_Processing.o)
 .debug_loc     0x000011f9      0x3c7 .\CortexM0\ARM_GCC_541\Debug\cy8ckit-043-slider.a(CapSense_Structure.o)
 .debug_loc     0x000015c0      0x176 .\CortexM0\ARM_GCC_541\Debug\cy8ckit-043-slider.a(CapSense_Tuner.o)
 .debug_loc     0x00001736      0xbf0 .\CortexM0\ARM_GCC_541\Debug\cy8ckit-043-slider.a(CapSense_Filter.o)
 .debug_loc     0x00002326      0x94e .\CortexM0\ARM_GCC_541\Debug\cy8ckit-043-slider.a(CapSense_Sensing.o)
 .debug_loc     0x00002c74      0xd98 .\CortexM0\ARM_GCC_541\Debug\cy8ckit-043-slider.a(CapSense_SensingCSD_LL.o)
 .debug_loc     0x00003a0c       0x82 .\CortexM0\ARM_GCC_541\Debug\cy8ckit-043-slider.a(CapSense_ISR.o)
 .debug_loc     0x00003a8e      0x81c .\CortexM0\ARM_GCC_541\Debug\cy8ckit-043-slider.a(CyLib.o)
 .debug_loc     0x000042aa      0xdb7 .\CortexM0\ARM_GCC_541\Debug\cy8ckit-043-slider.a(CyLFClk.o)
 .debug_loc     0x00005061       0x3c .\CortexM0\ARM_GCC_541\Debug\cy8ckit-043-slider.a(CapSense_INT.o)
 .debug_loc     0x0000509d      0x160 .\CortexM0\ARM_GCC_541\Debug\cy8ckit-043-slider.a(CyFlash.o)
 .debug_loc     0x000051fd      0x2ff C:\Program Files (x86)\Cypress\PSoC Creator\4.3\PSoC Creator\psoc\content\CyComponentLibrary\CyComponentLibrary.cylib\CapSense_P4_v7_0\PSoC4\Library\Capsense_P4Library_GCC.a(CapSense_SmartSense_LL.o)
 .debug_loc     0x000054fc      0x199 C:\Program Files (x86)\Cypress\PSoC Creator\4.3\PSoC Creator\psoc\content\CyComponentLibrary\CyComponentLibrary.cylib\CapSense_P4_v7_0\PSoC4\Library\Capsense_P4Library_GCC.a(CapSense_SmartSense_SL.o)

.debug_macinfo
 *(.debug_macinfo)

.debug_ranges   0x00000000      0x8f8
 *(.debug_ranges)
 .debug_ranges  0x00000000       0x38 .\CortexM0\ARM_GCC_541\Debug\main.o
 .debug_ranges  0x00000038       0x38 .\CortexM0\ARM_GCC_541\Debug\cyfitter_cfg.o
 .debug_ranges  0x00000070       0x38 .\CortexM0\ARM_GCC_541\Debug\Cm0Start.o
 .debug_ranges  0x000000a8       0x50 .\CortexM0\ARM_GCC_541\Debug\cy8ckit-043-slider.a(EZI2C.o)
 .debug_ranges  0x000000f8       0x68 .\CortexM0\ARM_GCC_541\Debug\cy8ckit-043-slider.a(EZI2C_EZI2C.o)
 .debug_ranges  0x00000160       0x10 .\CortexM0\ARM_GCC_541\Debug\cy8ckit-043-slider.a(EZI2C_EZI2C_INT.o)
 .debug_ranges  0x00000170       0x58 .\CortexM0\ARM_GCC_541\Debug\cy8ckit-043-slider.a(CapSense_Control.o)
 .debug_ranges  0x000001c8       0x40 .\CortexM0\ARM_GCC_541\Debug\cy8ckit-043-slider.a(CapSense_Processing.o)
 .debug_ranges  0x00000208       0x40 .\CortexM0\ARM_GCC_541\Debug\cy8ckit-043-slider.a(CapSense_Structure.o)
 .debug_ranges  0x00000248       0x18 .\CortexM0\ARM_GCC_541\Debug\cy8ckit-043-slider.a(CapSense_Tuner.o)
 .debug_ranges  0x00000260       0xb0 .\CortexM0\ARM_GCC_541\Debug\cy8ckit-043-slider.a(CapSense_Filter.o)
 .debug_ranges  0x00000310       0xf0 .\CortexM0\ARM_GCC_541\Debug\cy8ckit-043-slider.a(CapSense_Sensing.o)
 .debug_ranges  0x00000400       0xb0 .\CortexM0\ARM_GCC_541\Debug\cy8ckit-043-slider.a(CapSense_SensingCSD_LL.o)
 .debug_ranges  0x000004b0       0x70 .\CortexM0\ARM_GCC_541\Debug\cy8ckit-043-slider.a(CapSense_ISR.o)
 .debug_ranges  0x00000520      0x1b8 .\CortexM0\ARM_GCC_541\Debug\cy8ckit-043-slider.a(CyLib.o)
 .debug_ranges  0x000006d8      0x178 .\CortexM0\ARM_GCC_541\Debug\cy8ckit-043-slider.a(CyLFClk.o)
 .debug_ranges  0x00000850       0x28 .\CortexM0\ARM_GCC_541\Debug\cy8ckit-043-slider.a(CapSense_INT.o)
 .debug_ranges  0x00000878       0x30 .\CortexM0\ARM_GCC_541\Debug\cy8ckit-043-slider.a(CyFlash.o)
 .debug_ranges  0x000008a8       0x30 C:\Program Files (x86)\Cypress\PSoC Creator\4.3\PSoC Creator\psoc\content\CyComponentLibrary\CyComponentLibrary.cylib\CapSense_P4_v7_0\PSoC4\Library\Capsense_P4Library_GCC.a(CapSense_SmartSense_LL.o)
 .debug_ranges  0x000008d8       0x20 C:\Program Files (x86)\Cypress\PSoC Creator\4.3\PSoC Creator\psoc\content\CyComponentLibrary\CyComponentLibrary.cylib\CapSense_P4_v7_0\PSoC4\Library\Capsense_P4Library_GCC.a(CapSense_SmartSense_SL.o)

.comment        0x00000000       0x6e
 .comment       0x00000000       0x6e .\CortexM0\ARM_GCC_541\Debug\main.o
                                 0x6f (size before relaxing)
 .comment       0x0000006e       0x6f .\CortexM0\ARM_GCC_541\Debug\cyfitter_cfg.o
 .comment       0x0000006e       0x6f .\CortexM0\ARM_GCC_541\Debug\cymetadata.o
 .comment       0x0000006e       0x6f .\CortexM0\ARM_GCC_541\Debug\Cm0Start.o
 .comment       0x0000006e       0x6f .\CortexM0\ARM_GCC_541\Debug\cy8ckit-043-slider.a(EZI2C.o)
 .comment       0x0000006e       0x6f .\CortexM0\ARM_GCC_541\Debug\cy8ckit-043-slider.a(EZI2C_EZI2C.o)
 .comment       0x0000006e       0x6f .\CortexM0\ARM_GCC_541\Debug\cy8ckit-043-slider.a(EZI2C_EZI2C_INT.o)
 .comment       0x0000006e       0x6f .\CortexM0\ARM_GCC_541\Debug\cy8ckit-043-slider.a(CapSense_Control.o)
 .comment       0x0000006e       0x6f .\CortexM0\ARM_GCC_541\Debug\cy8ckit-043-slider.a(CapSense_Processing.o)
 .comment       0x0000006e       0x6f .\CortexM0\ARM_GCC_541\Debug\cy8ckit-043-slider.a(CapSense_Structure.o)
 .comment       0x0000006e       0x6f .\CortexM0\ARM_GCC_541\Debug\cy8ckit-043-slider.a(CapSense_Tuner.o)
 .comment       0x0000006e       0x6f .\CortexM0\ARM_GCC_541\Debug\cy8ckit-043-slider.a(CapSense_Filter.o)
 .comment       0x0000006e       0x6f .\CortexM0\ARM_GCC_541\Debug\cy8ckit-043-slider.a(CapSense_Sensing.o)
 .comment       0x0000006e       0x6f .\CortexM0\ARM_GCC_541\Debug\cy8ckit-043-slider.a(CapSense_SensingCSD_LL.o)
 .comment       0x0000006e       0x6f .\CortexM0\ARM_GCC_541\Debug\cy8ckit-043-slider.a(CapSense_ISR.o)
 .comment       0x0000006e       0x6f .\CortexM0\ARM_GCC_541\Debug\cy8ckit-043-slider.a(CyLib.o)
 .comment       0x0000006e       0x6f .\CortexM0\ARM_GCC_541\Debug\cy8ckit-043-slider.a(CyLFClk.o)
 .comment       0x0000006e       0x6f .\CortexM0\ARM_GCC_541\Debug\cy8ckit-043-slider.a(CapSense_INT.o)
 .comment       0x0000006e       0x6f .\CortexM0\ARM_GCC_541\Debug\cy8ckit-043-slider.a(CyFlash.o)
 .comment       0x0000006e       0x6f C:\Program Files (x86)\Cypress\PSoC Creator\4.3\PSoC Creator\psoc\content\CyComponentLibrary\CyComponentLibrary.cylib\CapSense_P4_v7_0\PSoC4\Library\Capsense_P4Library_GCC.a(CapSense_SmartSense_LL.o)
 .comment       0x0000006e       0x6f C:\Program Files (x86)\Cypress\PSoC Creator\4.3\PSoC Creator\psoc\content\CyComponentLibrary\CyComponentLibrary.cylib\CapSense_P4_v7_0\PSoC4\Library\Capsense_P4Library_GCC.a(CapSense_SmartSense_SL.o)

.debug_weaknames
 *(.debug_weaknames)

.debug_funcnames
 *(.debug_funcnames)

.debug_typenames
 *(.debug_typenames)

.debug_varnames
 *(.debug_varnames)

.note.gnu.arm.ident
 *(.note.gnu.arm.ident)

.ARM.attributes
                0x00000000       0x28
 *(.ARM.attributes)
 .ARM.attributes
                0x00000000       0x1e c:/program files (x86)/cypress/psoc creator/4.3/psoc creator/import/gnu/arm/5.4.1/bin/../lib/gcc/arm-none-eabi/5.4.1/armv6-m/crti.o
 .ARM.attributes
                0x0000001e       0x2c c:/program files (x86)/cypress/psoc creator/4.3/psoc creator/import/gnu/arm/5.4.1/bin/../lib/gcc/arm-none-eabi/5.4.1/armv6-m/crtbegin.o
 .ARM.attributes
                0x0000004a       0x1b c:/program files (x86)/cypress/psoc creator/4.3/psoc creator/import/gnu/arm/5.4.1/bin/../lib/gcc/arm-none-eabi/5.4.1/../../../../arm-none-eabi/lib/armv6-m/crt0.o
 .ARM.attributes
                0x00000065       0x31 .\CortexM0\ARM_GCC_541\Debug\main.o
 .ARM.attributes
                0x00000096       0x31 .\CortexM0\ARM_GCC_541\Debug\cyfitter_cfg.o
 .ARM.attributes
                0x000000c7       0x31 .\CortexM0\ARM_GCC_541\Debug\cymetadata.o
 .ARM.attributes
                0x000000f8       0x31 .\CortexM0\ARM_GCC_541\Debug\Cm0Start.o
 .ARM.attributes
                0x00000129       0x31 .\CortexM0\ARM_GCC_541\Debug\cy8ckit-043-slider.a(EZI2C.o)
 .ARM.attributes
                0x0000015a       0x31 .\CortexM0\ARM_GCC_541\Debug\cy8ckit-043-slider.a(EZI2C_EZI2C.o)
 .ARM.attributes
                0x0000018b       0x31 .\CortexM0\ARM_GCC_541\Debug\cy8ckit-043-slider.a(EZI2C_EZI2C_INT.o)
 .ARM.attributes
                0x000001bc       0x31 .\CortexM0\ARM_GCC_541\Debug\cy8ckit-043-slider.a(CapSense_Control.o)
 .ARM.attributes
                0x000001ed       0x31 .\CortexM0\ARM_GCC_541\Debug\cy8ckit-043-slider.a(CapSense_Processing.o)
 .ARM.attributes
                0x0000021e       0x31 .\CortexM0\ARM_GCC_541\Debug\cy8ckit-043-slider.a(CapSense_Structure.o)
 .ARM.attributes
                0x0000024f       0x31 .\CortexM0\ARM_GCC_541\Debug\cy8ckit-043-slider.a(CapSense_Tuner.o)
 .ARM.attributes
                0x00000280       0x31 .\CortexM0\ARM_GCC_541\Debug\cy8ckit-043-slider.a(CapSense_Filter.o)
 .ARM.attributes
                0x000002b1       0x31 .\CortexM0\ARM_GCC_541\Debug\cy8ckit-043-slider.a(CapSense_Sensing.o)
 .ARM.attributes
                0x000002e2       0x31 .\CortexM0\ARM_GCC_541\Debug\cy8ckit-043-slider.a(CapSense_SensingCSD_LL.o)
 .ARM.attributes
                0x00000313       0x31 .\CortexM0\ARM_GCC_541\Debug\cy8ckit-043-slider.a(CapSense_ISR.o)
 .ARM.attributes
                0x00000344       0x31 .\CortexM0\ARM_GCC_541\Debug\cy8ckit-043-slider.a(CyLib.o)
 .ARM.attributes
                0x00000375       0x31 .\CortexM0\ARM_GCC_541\Debug\cy8ckit-043-slider.a(CyLFClk.o)
 .ARM.attributes
                0x000003a6       0x21 .\CortexM0\ARM_GCC_541\Debug\cy8ckit-043-slider.a(CyBootAsmGnu.o)
 .ARM.attributes
                0x000003c7       0x31 .\CortexM0\ARM_GCC_541\Debug\cy8ckit-043-slider.a(CapSense_INT.o)
 .ARM.attributes
                0x000003f8       0x31 .\CortexM0\ARM_GCC_541\Debug\cy8ckit-043-slider.a(CyFlash.o)
 .ARM.attributes
                0x00000429       0x31 C:\Program Files (x86)\Cypress\PSoC Creator\4.3\PSoC Creator\psoc\content\CyComponentLibrary\CyComponentLibrary.cylib\CapSense_P4_v7_0\PSoC4\Library\Capsense_P4Library_GCC.a(CapSense_SmartSense_LL.o)
 .ARM.attributes
                0x0000045a       0x31 C:\Program Files (x86)\Cypress\PSoC Creator\4.3\PSoC Creator\psoc\content\CyComponentLibrary\CyComponentLibrary.cylib\CapSense_P4_v7_0\PSoC4\Library\Capsense_P4Library_GCC.a(CapSense_SmartSense_SL.o)
 .ARM.attributes
                0x0000048b       0x1e c:/program files (x86)/cypress/psoc creator/4.3/psoc creator/import/gnu/arm/5.4.1/bin/../lib/gcc/arm-none-eabi/5.4.1/armv6-m\libgcc.a(_udivsi3.o)
 .ARM.attributes
                0x000004a9       0x1e c:/program files (x86)/cypress/psoc creator/4.3/psoc creator/import/gnu/arm/5.4.1/bin/../lib/gcc/arm-none-eabi/5.4.1/armv6-m\libgcc.a(_divsi3.o)
 .ARM.attributes
                0x000004c7       0x1e c:/program files (x86)/cypress/psoc creator/4.3/psoc creator/import/gnu/arm/5.4.1/bin/../lib/gcc/arm-none-eabi/5.4.1/armv6-m\libgcc.a(_dvmd_tls.o)
 .ARM.attributes
                0x000004e5       0x2c c:/program files (x86)/cypress/psoc creator/4.3/psoc creator/import/gnu/arm/5.4.1/bin/../lib/gcc/arm-none-eabi/5.4.1/../../../../arm-none-eabi/lib/armv6-m\libg_nano.a(lib_a-errno.o)
 .ARM.attributes
                0x00000511       0x2c c:/program files (x86)/cypress/psoc creator/4.3/psoc creator/import/gnu/arm/5.4.1/bin/../lib/gcc/arm-none-eabi/5.4.1/../../../../arm-none-eabi/lib/armv6-m\libg_nano.a(lib_a-exit.o)
 .ARM.attributes
                0x0000053d       0x2c c:/program files (x86)/cypress/psoc creator/4.3/psoc creator/import/gnu/arm/5.4.1/bin/../lib/gcc/arm-none-eabi/5.4.1/../../../../arm-none-eabi/lib/armv6-m\libg_nano.a(lib_a-impure.o)
 .ARM.attributes
                0x00000569       0x2c c:/program files (x86)/cypress/psoc creator/4.3/psoc creator/import/gnu/arm/5.4.1/bin/../lib/gcc/arm-none-eabi/5.4.1/../../../../arm-none-eabi/lib/armv6-m\libg_nano.a(lib_a-init.o)
 .ARM.attributes
                0x00000595       0x2c c:/program files (x86)/cypress/psoc creator/4.3/psoc creator/import/gnu/arm/5.4.1/bin/../lib/gcc/arm-none-eabi/5.4.1/../../../../arm-none-eabi/lib/armv6-m\libg_nano.a(lib_a-memcpy-stub.o)
 .ARM.attributes
                0x000005c1       0x2c c:/program files (x86)/cypress/psoc creator/4.3/psoc creator/import/gnu/arm/5.4.1/bin/../lib/gcc/arm-none-eabi/5.4.1/../../../../arm-none-eabi/lib/armv6-m\libg_nano.a(lib_a-memset.o)
 .ARM.attributes
                0x000005ed       0x2c c:/program files (x86)/cypress/psoc creator/4.3/psoc creator/import/gnu/arm/5.4.1/bin/../lib/gcc/arm-none-eabi/5.4.1/armv6-m/crtend.o
 .ARM.attributes
                0x00000619       0x1e c:/program files (x86)/cypress/psoc creator/4.3/psoc creator/import/gnu/arm/5.4.1/bin/../lib/gcc/arm-none-eabi/5.4.1/armv6-m/crtn.o

/DISCARD/
 *(.note.GNU-stack)
OUTPUT(E:\hardware\cy8ckit-043-slider\cy8ckit-043-slider.cydsn\CortexM0\ARM_GCC_541\Debug\cy8ckit-043-slider.elf elf32-littlearm)
